
Cadence Innovus(TM) Implementation System.
Copyright 2021 Cadence Design Systems, Inc. All rights reserved worldwide.

Version:	v21.15-s110_1, built Fri Sep 23 13:08:12 PDT 2022
Options:	-no_gui -batch -files /home/Harsh/rtl2gds_work/runs/rtl2gds-designs/20260926_231129_single/counter8/pnr/run_innovus.tcl -log /home/Harsh/rtl2gds_work/runs/rtl2gds-designs/20260926_231129_single/counter8/pnr/innovus 
Date:		Sat Sep 26 23:11:45 2026
Host:		vlsiece24.iitr.ac.in (x86_64 w/Linux 4.18.0-553.105.1.el8_10.x86_64) (8cores*16cpus*11th Gen Intel(R) Core(TM) i7-11700 @ 2.50GHz 16384KB)
OS:		Red Hat Enterprise Linux release 8.10 (Ootpa)

License:
		[23:11:45.275841] Configured Lic search path (21.01-s002): 5280@14.139.1.126

		invs	Innovus Implementation System	21.1	checkout succeeded
		8 CPU jobs allowed with the current license(s). Use setMultiCpuUsage to set your required CPU count.
Change the soft stacksize limit to 0.2%RAM (30 mbytes). Set global soft_stack_size_limit to change the value.

**INFO:  MMMC transition support version v31-84 

<CMD> set_global _enable_mmmc_by_default_flow      $CTE::mmmc_default
<CMD> suppressMessage ENCEXT-2799
<CMD> getVersion
[INFO] Loading PVS 22.20 fill procedures
**WARN: Tk package not loaded. The PVS fill DRC monitor is disabled.
Sourcing file "/home/Harsh/rtl2gds_work/runs/rtl2gds-designs/20260926_231129_single/counter8/pnr/run_innovus.tcl" ...
<CMD> set init_verilog /home/Harsh/rtl2gds_work/runs/rtl2gds-designs/20260926_231129_single/counter8/synth/single/out/results/counter8.v
<CMD> set init_top_cell counter8
<CMD> set init_lef_file {/home/lib/sky130_hd/sky130_fd_sc_hd__nom.tlef /home/lib/sky130_hd/sky130_fd_sc_hd.lef}
<CMD> set init_mmmc_file /home/Harsh/rtl2gds_work/runs/rtl2gds-designs/20260926_231129_single/counter8/pnr/out/mmmc.tcl
<CMD> set init_pwr_net VDD
<CMD> set init_gnd_net VSS
<CMD> init_design
#% Begin Load MMMC data ... (date=09/26 23:12:02, mem=861.6M)
#% End Load MMMC data ... (date=09/26 23:12:02, total cpu=0:00:00.0, real=0:00:00.0, peak res=862.7M, current mem=862.7M)
rc

Loading LEF file /home/lib/sky130_hd/sky130_fd_sc_hd__nom.tlef ...

Loading LEF file /home/lib/sky130_hd/sky130_fd_sc_hd.lef ...
WARNING (LEFPARS-2008): NOWIREEXTENSIONATPIN statement is obsolete in version 5.6 or later.
The NOWIREEXTENSIONATPIN statement will be ignored. See file /home/lib/sky130_hd/sky130_fd_sc_hd.lef at line 2.
**WARN: (IMPLF-108):	There is no overlap layer defined in any LEF file
so you are unable to create rectilinear partition in a hierarchical flow.
Set DBUPerIGU to M1 pitch 460.
**WARN: (IMPLF-201):	Pin 'X' in macro 'sky130_fd_sc_hd__probec_p_8' has no ANTENNADIFFAREA value defined. The library data is incomplete and some process antenna rules will not be checked correctly.
Type 'man IMPLF-201' for more detail.
**WARN: (IMPLF-201):	Pin 'X' in macro 'sky130_fd_sc_hd__probe_p_8' has no ANTENNADIFFAREA value defined. The library data is incomplete and some process antenna rules will not be checked correctly.
Type 'man IMPLF-201' for more detail.
**WARN: (IMPLF-201):	Pin 'LO' in macro 'sky130_fd_sc_hd__macro_sparecell' has no ANTENNADIFFAREA value defined. The library data is incomplete and some process antenna rules will not be checked correctly.
Type 'man IMPLF-201' for more detail.
**WARN: (IMPLF-201):	Pin 'HI' in macro 'sky130_fd_sc_hd__conb_1' has no ANTENNADIFFAREA value defined. The library data is incomplete and some process antenna rules will not be checked correctly.
Type 'man IMPLF-201' for more detail.
**WARN: (IMPLF-201):	Pin 'LO' in macro 'sky130_fd_sc_hd__conb_1' has no ANTENNADIFFAREA value defined. The library data is incomplete and some process antenna rules will not be checked correctly.
Type 'man IMPLF-201' for more detail.

##  Check design process and node:  
##  Both design process and tech node are not set.

Loading view definition file from /home/Harsh/rtl2gds_work/runs/rtl2gds-designs/20260926_231129_single/counter8/pnr/out/mmmc.tcl
Reading libs timing library '/home/lib/sky130_hd/sky130_fd_sc_hd__tt_025C_1v80.lib' ...
**WARN: (TECHLIB-302):	No function defined for cell 'sky130_fd_sc_hd__lpflow_decapkapwr_8'. The cell will only be used for analysis. (File /home/lib/sky130_hd/sky130_fd_sc_hd__tt_025C_1v80.lib)
**WARN: (TECHLIB-302):	No function defined for cell 'sky130_fd_sc_hd__lpflow_decapkapwr_6'. The cell will only be used for analysis. (File /home/lib/sky130_hd/sky130_fd_sc_hd__tt_025C_1v80.lib)
**WARN: (TECHLIB-302):	No function defined for cell 'sky130_fd_sc_hd__lpflow_decapkapwr_4'. The cell will only be used for analysis. (File /home/lib/sky130_hd/sky130_fd_sc_hd__tt_025C_1v80.lib)
**WARN: (TECHLIB-302):	No function defined for cell 'sky130_fd_sc_hd__lpflow_decapkapwr_3'. The cell will only be used for analysis. (File /home/lib/sky130_hd/sky130_fd_sc_hd__tt_025C_1v80.lib)
**WARN: (TECHLIB-302):	No function defined for cell 'sky130_fd_sc_hd__lpflow_decapkapwr_12'. The cell will only be used for analysis. (File /home/lib/sky130_hd/sky130_fd_sc_hd__tt_025C_1v80.lib)
**WARN: (TECHLIB-302):	No function defined for cell 'sky130_fd_sc_hd__lpflow_bleeder_1'. The cell will only be used for analysis. (File /home/lib/sky130_hd/sky130_fd_sc_hd__tt_025C_1v80.lib)
**WARN: (TECHLIB-302):	No function defined for cell 'sky130_fd_sc_hd__diode_2'. The cell will only be used for analysis. (File /home/lib/sky130_hd/sky130_fd_sc_hd__tt_025C_1v80.lib)
**WARN: (TECHLIB-302):	No function defined for cell 'sky130_fd_sc_hd__decap_8'. The cell will only be used for analysis. (File /home/lib/sky130_hd/sky130_fd_sc_hd__tt_025C_1v80.lib)
**WARN: (TECHLIB-302):	No function defined for cell 'sky130_fd_sc_hd__decap_6'. The cell will only be used for analysis. (File /home/lib/sky130_hd/sky130_fd_sc_hd__tt_025C_1v80.lib)
**WARN: (TECHLIB-302):	No function defined for cell 'sky130_fd_sc_hd__decap_4'. The cell will only be used for analysis. (File /home/lib/sky130_hd/sky130_fd_sc_hd__tt_025C_1v80.lib)
**WARN: (TECHLIB-302):	No function defined for cell 'sky130_fd_sc_hd__decap_3'. The cell will only be used for analysis. (File /home/lib/sky130_hd/sky130_fd_sc_hd__tt_025C_1v80.lib)
**WARN: (TECHLIB-302):	No function defined for cell 'sky130_fd_sc_hd__decap_12'. The cell will only be used for analysis. (File /home/lib/sky130_hd/sky130_fd_sc_hd__tt_025C_1v80.lib)
Read 428 cells in library 'sky130_fd_sc_hd__tt_025C_1v80' 
*** End library_loading (cpu=0.00min, real=0.02min, mem=39.5M, fe_cpu=0.17min, fe_real=0.30min, fe_mem=990.3M) ***
#% Begin Load netlist data ... (date=09/26 23:12:03, mem=885.9M)
*** Begin netlist parsing (mem=990.3M) ***
Created 428 new cells from 1 timing libraries.
Reading netlist ...
Backslashed names will retain backslash and a trailing blank character.
Reading verilog netlist '/home/Harsh/rtl2gds_work/runs/rtl2gds-designs/20260926_231129_single/counter8/synth/single/out/results/counter8.v'

*** Memory Usage v#1 (Current mem = 990.297M, initial mem = 483.887M) ***
*** End netlist parsing (cpu=0:00:00.0, real=0:00:00.0, mem=990.3M) ***
#% End Load netlist data ... (date=09/26 23:12:03, total cpu=0:00:00.0, real=0:00:00.0, peak res=895.6M, current mem=895.6M)
Set top cell to counter8.
Hooked 428 DB cells to tlib cells.
Starting recursive module instantiation check.
No recursion found.
Building hierarchical netlist for Cell counter8 ...
*** Netlist is unique.
** info: there are 438 modules.
** info: there are 20 stdCell insts.

*** Memory Usage v#1 (Current mem = 1041.711M, initial mem = 483.887M) ***
Adjust met3 preferred direction offset from 0.34 to 0.17.
Adjust met4 preferred direction offset from 0.46 to 0.23.
Adjust met5 preferred direction offset from 1.7 to 0.17.
Start create_tracks
Generated pitch 3.66 in met5 is different from 3.4 defined in technology file in preferred direction.
Generated pitch 0.69 in met4 is different from 0.92 defined in technology file in preferred direction.
Generated pitch 0.61 in met3 is different from 0.68 defined in technology file in preferred direction.
Extraction setup Started 
Initializing multi-corner RC extraction with 1 active RC Corners ...
**WARN: (IMPEXT-2773):	The via resistance between layers POLY and M1 could not be determined from the LEF technology file because the via resistance specification is missing. A default of 4 Ohms will be used as via resistance between these layers.
Type 'man IMPEXT-2773' for more detail.
**WARN: (IMPEXT-2773):	The via resistance between layers M1 and M2 could not be determined from the LEF technology file because the via resistance specification is missing. A default of 4 Ohms will be used as via resistance between these layers.
Type 'man IMPEXT-2773' for more detail.
**WARN: (IMPEXT-2773):	The via resistance between layers M2 and M3 could not be determined from the LEF technology file because the via resistance specification is missing. A default of 4 Ohms will be used as via resistance between these layers.
Type 'man IMPEXT-2773' for more detail.
**WARN: (IMPEXT-2773):	The via resistance between layers M3 and M4 could not be determined from the LEF technology file because the via resistance specification is missing. A default of 4 Ohms will be used as via resistance between these layers.
Type 'man IMPEXT-2773' for more detail.
**WARN: (IMPEXT-2773):	The via resistance between layers M4 and M5 could not be determined from the LEF technology file because the via resistance specification is missing. A default of 4 Ohms will be used as via resistance between these layers.
Type 'man IMPEXT-2773' for more detail.
**WARN: (IMPEXT-2773):	The via resistance between layers M5 and M6 could not be determined from the LEF technology file because the via resistance specification is missing. A default of 4 Ohms will be used as via resistance between these layers.
Type 'man IMPEXT-2773' for more detail.
**WARN: (IMPEXT-2766):	The sheet resistance for layer M1 is not defined in the cap table. Therefore, the LEF value 12.8 will be used instead. To avoid this message, update the relevant cap table to include the sheet resistance for the specified layer and read it back in.
**WARN: (IMPEXT-2766):	The sheet resistance for layer M2 is not defined in the cap table. Therefore, the LEF value 0.125 will be used instead. To avoid this message, update the relevant cap table to include the sheet resistance for the specified layer and read it back in.
**WARN: (IMPEXT-2766):	The sheet resistance for layer M3 is not defined in the cap table. Therefore, the LEF value 0.125 will be used instead. To avoid this message, update the relevant cap table to include the sheet resistance for the specified layer and read it back in.
**WARN: (IMPEXT-2766):	The sheet resistance for layer M4 is not defined in the cap table. Therefore, the LEF value 0.047 will be used instead. To avoid this message, update the relevant cap table to include the sheet resistance for the specified layer and read it back in.
**WARN: (IMPEXT-2766):	The sheet resistance for layer M5 is not defined in the cap table. Therefore, the LEF value 0.047 will be used instead. To avoid this message, update the relevant cap table to include the sheet resistance for the specified layer and read it back in.
**WARN: (IMPEXT-2766):	The sheet resistance for layer M6 is not defined in the cap table. Therefore, the LEF value 0.0285 will be used instead. To avoid this message, update the relevant cap table to include the sheet resistance for the specified layer and read it back in.
Summary of Active RC-Corners : 
 
 Analysis View: av
    RC-Corner Name        : rc
    RC-Corner Index       : 0
    RC-Corner Temperature : 25 Celsius
    RC-Corner Cap Table   : ''
    RC-Corner PreRoute Res Factor         : 1
    RC-Corner PreRoute Cap Factor         : 1
    RC-Corner PostRoute Res Factor        : 1 {1 1 1}
    RC-Corner PostRoute Cap Factor        : 1 {1 1 1}
    RC-Corner PostRoute XCap Factor       : 1 {1 1 1}
    RC-Corner PreRoute Clock Res Factor   : 1	[Derived from Cap Table]
    RC-Corner PreRoute Clock Cap Factor   : 1	[Derived from Cap Table]
    RC-Corner PostRoute Clock Cap Factor  : 1 {1 1 1} 	[Derived from postRoute_cap (effortLevel low)]
    RC-Corner PostRoute Clock Res Factor  : 1 {1 1 1} 	[Derived from postRoute_res (effortLevel low)]
    RC-Corner PostRoute Clock coupling capacitance Factor : 1 {1 1 1} 
Updating RC grid for preRoute extraction ...
Initializing multi-corner resistance tables ...
*Info: initialize multi-corner CTS.
Reading timing constraints file '/home/Harsh/rtl2gds_work/runs/rtl2gds-designs/20260926_231129_single/counter8/synth/single/out/results/counter8.sdc' ...
Current (total cpu=0:00:10.5, real=0:00:19.0, peak res=1172.8M, current mem=1172.8M)
**WARN: (TCLCMD-1461):	Skipped unsupported command: set_units (File /home/Harsh/rtl2gds_work/runs/rtl2gds-designs/20260926_231129_single/counter8/synth/single/out/results/counter8.sdc, Line 9).

**WARN: (TCLCMD-1461):	Skipped unsupported command: set_units (File /home/Harsh/rtl2gds_work/runs/rtl2gds-designs/20260926_231129_single/counter8/synth/single/out/results/counter8.sdc, Line 10).

counter8
INFO (CTE): Reading of timing constraints file /home/Harsh/rtl2gds_work/runs/rtl2gds-designs/20260926_231129_single/counter8/synth/single/out/results/counter8.sdc completed, with 2 WARNING
Ending "Constraint file reading stats" (total cpu=0:00:00.0, real=0:00:00.0, peak res=1193.1M, current mem=1193.1M)
Current (total cpu=0:00:10.6, real=0:00:19.0, peak res=1193.1M, current mem=1193.1M)
Total number of combinational cells: 329
Total number of sequential cells: 68
Total number of tristate cells: 13
Total number of level shifter cells: 7
Total number of power gating cells: 0
Total number of isolation cells: 11
Total number of power switch cells: 0
Total number of pulse generator cells: 0
Total number of always on buffers: 0
Total number of retention cells: 0
List of usable buffers: sky130_fd_sc_hd__buf_1 sky130_fd_sc_hd__buf_12 sky130_fd_sc_hd__buf_16 sky130_fd_sc_hd__buf_2 sky130_fd_sc_hd__buf_4 sky130_fd_sc_hd__buf_6 sky130_fd_sc_hd__buf_8 sky130_fd_sc_hd__clkbuf_1 sky130_fd_sc_hd__clkbuf_16 sky130_fd_sc_hd__clkbuf_2 sky130_fd_sc_hd__clkbuf_4 sky130_fd_sc_hd__clkbuf_8 sky130_fd_sc_hd__dlymetal6s2s_1 sky130_fd_sc_hd__probec_p_8 sky130_fd_sc_hd__probe_p_8
Total number of usable buffers: 15
List of unusable buffers:
Total number of unusable buffers: 0
List of usable inverters: sky130_fd_sc_hd__bufinv_16 sky130_fd_sc_hd__clkinv_1 sky130_fd_sc_hd__bufinv_8 sky130_fd_sc_hd__clkinv_16 sky130_fd_sc_hd__clkinv_2 sky130_fd_sc_hd__clkinv_4 sky130_fd_sc_hd__clkinv_8 sky130_fd_sc_hd__inv_1 sky130_fd_sc_hd__clkinvlp_2 sky130_fd_sc_hd__clkinvlp_4 sky130_fd_sc_hd__inv_12 sky130_fd_sc_hd__inv_16 sky130_fd_sc_hd__inv_2 sky130_fd_sc_hd__inv_4 sky130_fd_sc_hd__inv_6 sky130_fd_sc_hd__inv_8
Total number of usable inverters: 16
List of unusable inverters:
Total number of unusable inverters: 0
List of identified usable delay cells: sky130_fd_sc_hd__bufbuf_16 sky130_fd_sc_hd__bufbuf_8 sky130_fd_sc_hd__clkdlybuf4s15_1 sky130_fd_sc_hd__clkdlybuf4s15_2 sky130_fd_sc_hd__clkdlybuf4s18_1 sky130_fd_sc_hd__clkdlybuf4s18_2 sky130_fd_sc_hd__clkdlybuf4s25_1 sky130_fd_sc_hd__clkdlybuf4s50_1 sky130_fd_sc_hd__clkdlybuf4s25_2 sky130_fd_sc_hd__clkdlybuf4s50_2 sky130_fd_sc_hd__dlygate4sd2_1 sky130_fd_sc_hd__dlygate4sd1_1 sky130_fd_sc_hd__dlygate4sd3_1 sky130_fd_sc_hd__dlymetal6s6s_1 sky130_fd_sc_hd__dlymetal6s4s_1
Total number of identified usable delay cells: 15
List of identified unusable delay cells:
Total number of identified unusable delay cells: 0

*** Summary of all messages that are not suppressed in this session:
Severity  ID               Count  Summary                                  
WARNING   IMPLF-201            5  Pin '%s' in macro '%s' has no ANTENNADIF...
WARNING   IMPLF-108            1  There is no overlap layer defined in any...
WARNING   IMPEXT-2766          6  The sheet resistance for layer %s is not...
WARNING   IMPEXT-2773          6  The via resistance between layers %s and...
WARNING   TCLCMD-1461          2  Skipped unsupported command: %s          
WARNING   TECHLIB-302         12  No function defined for cell '%s'. The c...
*** Message Summary: 32 warning(s), 0 error(s)

<CMD> globalNetConnect VDD -type pgpin -pin VPWR -inst * -override
<CMD> globalNetConnect VDD -type pgpin -pin VPB -inst * -override
<CMD> globalNetConnect VSS -type pgpin -pin VGND -inst * -override
<CMD> globalNetConnect VSS -type pgpin -pin VNB -inst * -override
<CMD> globalNetConnect VDD -type tiehi -inst *
<CMD> globalNetConnect VSS -type tielo -inst *
<CMD> floorPlan -r 1.0 0.6 10 10 10 10
Adjust met3 preferred direction offset from 0.34 to 0.17.
Adjust met4 preferred direction offset from 0.46 to 0.23.
Adjust met5 preferred direction offset from 1.7 to 0.17.
Start create_tracks
Generated pitch 3.66 in met5 is different from 3.4 defined in technology file in preferred direction.
Generated pitch 0.69 in met4 is different from 0.92 defined in technology file in preferred direction.
Generated pitch 0.61 in met3 is different from 0.68 defined in technology file in preferred direction.
**WARN: (IMPFP-325):	Floorplan of the design is resized. All current floorplan objects are automatically derived based on specified new floorplan. This may change blocks, fixed standard cells, existing routes and blockages.
<CMD> addRing -nets {VDD VSS} -type core_rings -follow core -layer {top met5 bottom met5 left met4 right met4} -width {top 1.6 bottom 1.6 left 1.6 right 1.6} -spacing {top 1.7 bottom 1.7 left 1.7 right 1.7} -offset {top 1 bottom 1 left 1 right 1}
#% Begin addRing (date=09/26 23:12:04, mem=1219.8M)


viaInitial starts at Sat Sep 26 23:12:04 2026
viaInitial ends at Sat Sep 26 23:12:04 2026
Loading cell geometries (cpu: 0:00:00.0, real: 0:00:00.0, peak mem: 1336.1M)
Ring generation is complete.
vias are now being generated.
addRing created 8 wires.
ViaGen created 8 vias, deleted 0 via to avoid violation.
+--------+----------------+----------------+
|  Layer |     Created    |     Deleted    |
+--------+----------------+----------------+
|  met4  |        4       |       NA       |
|  via4  |        8       |        0       |
|  met5  |        4       |       NA       |
+--------+----------------+----------------+
#% End addRing (date=09/26 23:12:04, total cpu=0:00:00.0, real=0:00:00.0, peak res=1223.8M, current mem=1223.8M)
<CMD> addStripe -nets {VDD VSS} -layer met4 -direction vertical -width 1.6 -spacing 1.7 -set_to_set_distance 50 -start_from left -start_offset 10
#% Begin addStripe (date=09/26 23:12:04, mem=1223.8M)

Initialize fgc environment(mem: 1337.1M) ...  fail and won't use fgc to check drc(cpu: 0:00:00.0, real: 0:00:00.0, peak mem: 1337.1M)
Loading cell geometries (cpu: 0:00:00.0, real: 0:00:00.0, peak mem: 1337.1M)
Loading wires (cpu: 0:00:00.0, real: 0:00:00.0, peak mem: 1337.1M)
Loading via instances (cpu: 0:00:00.0, real: 0:00:00.0, peak mem: 1337.1M)
Starting stripe generation ...
Non-Default Mode Option Settings :
  NONE
Stripe generation is complete.
vias are now being generated.
addStripe created 2 wires.
ViaGen created 4 vias, deleted 0 via to avoid violation.
+--------+----------------+----------------+
|  Layer |     Created    |     Deleted    |
+--------+----------------+----------------+
|  met4  |        2       |       NA       |
|  via4  |        4       |        0       |
+--------+----------------+----------------+
#% End addStripe (date=09/26 23:12:04, total cpu=0:00:00.0, real=0:00:00.0, peak res=1225.1M, current mem=1225.1M)
<CMD> sroute -connect corePin -nets {VDD VSS}
#% Begin sroute (date=09/26 23:12:04, mem=1225.1M)
*** Begin SPECIAL ROUTE on Sat Sep 26 23:12:05 2026 ***
SPECIAL ROUTE ran on directory: /home/Harsh/rtl2gds_work/runs/rtl2gds-designs/20260926_231129_single/counter8/pnr
SPECIAL ROUTE ran on machine: vlsiece24.iitr.ac.in (Linux 4.18.0-553.105.1.el8_10.x86_64 x86_64 2.50Ghz)

Begin option processing ...
srouteConnectPowerBump set to false
routeSelectNet set to "VDD VSS"
routeSpecial set to true
srouteConnectBlockPin set to false
srouteConnectConverterPin set to false
srouteConnectPadPin set to false
srouteConnectStripe set to false
srouteFollowCorePinEnd set to 3
srouteFollowPadPin set to false
srouteJogControl set to "preferWithChanges differentLayer"
sroutePadPinAllPorts set to true
sroutePreserveExistingRoutes set to true
srouteRoutePowerBarPortOnBothDir set to true
End option processing: cpu: 0:00:00, real: 0:00:00, peak: 2671.00 megs.

Reading DB technology information...
Finished reading DB technology information.
Reading floorplan and netlist information...
Finished reading floorplan and netlist information.
Read in 12 layers, 6 routing layers, 0 overlap layer
Read in 437 macros, 9 used
Read in 8 components
  8 core components: 8 unplaced, 0 placed, 0 fixed
Read in 11 logical pins
Read in 11 nets
Read in 2 special nets, 2 routed
Read in 32 terminals
2 nets selected.

Begin power routing ...
CPU time for VDD FollowPin 0 seconds
CPU time for VSS FollowPin 0 seconds
  Number of Core ports routed: 18
  Number of Followpin connections: 9
End power routing: cpu: 0:00:00, real: 0:00:00, peak: 2676.00 megs.



 Begin updating DB with routing results ...
 Updating DB with 0 via definition ...Extracting standard cell pins and blockage ...... 
Pin and blockage extraction finished

sroute created 27 wires.
ViaGen created 81 vias, deleted 0 via to avoid violation.
+--------+----------------+----------------+
|  Layer |     Created    |     Deleted    |
+--------+----------------+----------------+
|  met1  |       27       |       NA       |
|   via  |       27       |        0       |
|  via2  |       27       |        0       |
|  via3  |       27       |        0       |
+--------+----------------+----------------+
#% End sroute (date=09/26 23:12:05, total cpu=0:00:00.1, real=0:00:00.0, peak res=1243.6M, current mem=1235.1M)
<CMD> checkFPlan -reportUtil > /home/Harsh/rtl2gds_work/runs/rtl2gds-designs/20260926_231129_single/counter8/pnr/out/reports/floorplan.rpt
Checking routing tracks.....
Checking other grids.....
Checking FINFET Grid is on Manufacture Grid.....
Checking core/die box is on Grid.....
Checking snap rule ......
Checking Row is on grid......
Checking AreaIO row.....
Checking row out of die ...
Checking routing blockage.....
Checking components.....
Checking IO Pads out of die...
Checking constraints (guide/region/fence).....

Checking Preroutes.....
No. of regular pre-routes not on tracks : 0 

Reporting Utilizations.....

Core utilization  = 59.821429
Effective Utilizations
Estimated cell power/ground rail width = 0.552 um
Average module density = 0.598.
Density for the design = 0.598.
       = stdcell_area 268 sites (335 um^2) / alloc_area 448 sites (561 um^2).
Pin Density = 0.2254.
            = total # of pins 101 / total area 448.
*** Message Summary: 0 warning(s), 0 error(s)

<CMD> getPlaceMode -place_hierarchical_flow -quiet
<CMD> report_message -start_cmd
<CMD> getRouteMode -maxRouteLayer -quiet
<CMD> getRouteMode -user -maxRouteLayer
<CMD> getPlaceMode -place_global_place_io_pins -quiet
<CMD> getPlaceMode -user -maxRouteLayer
<CMD> getPlaceMode -quiet -adaptiveFlowMode
<CMD> getPlaceMode -timingDriven -quiet
<CMD> getPlaceMode -adaptive -quiet
<CMD> getPlaceMode -relaxSoftBlockageMode -quiet
<CMD> getPlaceMode -user -relaxSoftBlockageMode
<CMD> getPlaceMode -ignoreScan -quiet
<CMD> getPlaceMode -user -ignoreScan
<CMD> getPlaceMode -repairPlace -quiet
<CMD> getPlaceMode -user -repairPlace
<CMD> getPlaceMode -inPlaceOptMode -quiet
<CMD> getPlaceMode -quiet -bypassFlowEffortHighChecking
<CMD> getDesignMode -quiet -siPrevention
<CMD> getPlaceMode -quiet -place_global_exp_enable_3d
*** placeDesign #1 [begin] : totSession cpu/real = 0:00:10.8/0:00:15.4 (0.7), mem = 1342.4M
<CMD> getPlaceMode -exp_slack_driven -quiet
<CMD> um::push_snapshot_stack
<CMD> getDesignMode -quiet -flowEffort
<CMD> getDesignMode -highSpeedCore -quiet
<CMD> getPlaceMode -quiet -adaptive
<CMD> set spgFlowInInitialPlace 1
<CMD> getPlaceMode -sdpAlignment -quiet
<CMD> getPlaceMode -softGuide -quiet
<CMD> getPlaceMode -useSdpGroup -quiet
<CMD> getPlaceMode -sdpAlignment -quiet
<CMD> getPlaceMode -enableDbSaveAreaPadding -quiet
<CMD> getPlaceMode -quiet -wireLenOptEffort
<CMD> getPlaceMode -sdpPlace -quiet
<CMD> getPlaceMode -exp_slack_driven -quiet
<CMD> getPlaceMode -sdpPlace -quiet
<CMD> getPlaceMode -groupHighLevelClkGate -quiet
<CMD_INTERNAL> setvar spgRptErrorForScanConnection 0
<CMD> getPlaceMode -place_global_exp_allow_missing_scan_chain -quiet
<CMD> getPlaceMode -ignoreScan -quiet
**ERROR: (IMPSP-9099):	Scan chains exist in this design but are not defined for 100.00% flops. Placement and timing QoR can be severely impacted in this case!
It is highly recommend to define scan chains either through input scan def (preferred) or specifyScanChain.
<CMD_INTERNAL> setvar spgRptErrorForScanConnection 1
<CMD> getPlaceMode -place_design_floorplan_mode -quiet
<CMD> getPlaceMode -place_global_timing_effort -quiet
*** placeDesign #1 [finish] : cpu/real = 0:00:00.0/0:00:00.0 (0.0), totSession cpu/real = 0:00:10.8/0:00:15.4 (0.7), mem = 1343.4M

*** Memory Usage v#1 (Current mem = 1341.434M, initial mem = 483.887M) ***
*** Message Summary: 33 warning(s), 1 error(s)

--- Ending "Innovus" (totcpu=0:00:10.8, real=0:00:20.0, mem=1341.4M) ---
