Checking routing tracks.....
Checking other grids.....
Checking FINFET Grid is on Manufacture Grid.....
Checking core/die box is on Grid.....
Checking snap rule ......
Checking Row is on grid......
Checking AreaIO row.....
Checking row out of die ...
Checking routing blockage.....
Checking components.....
Checking IO Pads out of die...
Checking constraints (guide/region/fence).....

Checking Preroutes.....
No. of regular pre-routes not on tracks : 0 

Reporting Utilizations.....

Core utilization  = 59.821429
Effective Utilizations
Average module density = 0.598.
Density for the design = 0.598.
       = stdcell_area 268 sites (335 um^2) / alloc_area 448 sites (561 um^2).
Pin Density = 0.2254.
            = total # of pins 101 / total area 448.
*** Message Summary: 0 warning(s), 0 error(s)

