Cadence Genus(TM) Synthesis Solution.
Copyright 2022 Cadence Design Systems, Inc. All rights reserved worldwide.
Cadence and the Cadence logo are registered trademarks and Genus is a trademark
of Cadence Design Systems, Inc. in the United States and other countries.

[23:11:29.275857] Configured Lic search path (21.01-s002): 5280@14.139.1.126

Version: 21.14-s082_1, built Thu Jun 23 02:02:08 PDT 2022
Options: -no_gui -batch -files /home/Harsh/rtl2gds_work/runs/rtl2gds-designs/20260926_231129_single/counter8/synth/single/run_genus.tcl -log /home/Harsh/rtl2gds_work/runs/rtl2gds-designs/20260926_231129_single/counter8/synth/single/genus 
Date:    Sat Sep 26 23:11:29 2026
Host:    vlsiece24.iitr.ac.in (x86_64 w/Linux 4.18.0-553.105.1.el8_10.x86_64) (8cores*16cpus*1physical cpu*11th Gen Intel(R) Core(TM) i7-11700 @ 2.50GHz 16384KB) (15841608KB)
PID:     3619345
OS:      Red Hat Enterprise Linux release 8.10 (Ootpa)


[23:11:33.394923] Periodic Lic check successful
[23:11:33.394946] Feature usage summary:
[23:11:33.394946] Genus_Synthesis
Checking out license: Genus_Synthesis (4 seconds elapsed).


***********************************************************************************************************
***********************************************************************************************************



Loading tool scripts...
Finished loading tool scripts (4 seconds elapsed).

#@ Processing -files option
@genus 1> source /home/Harsh/rtl2gds_work/runs/rtl2gds-designs/20260926_231129_single/counter8/synth/single/run_genus.tcl
#@ Begin verbose source /home/Harsh/rtl2gds_work/runs/rtl2gds-designs/20260926_231129_single/counter8/synth/single/run_genus.tcl
@file(run_genus.tcl) 1: set TOP {counter8}
@file(run_genus.tcl) 2: set RTL_V_FILES [list {/home/Harsh/rtl2gds_work/repos/rtl2gds-designs/input/rtl/counter8.v}]
@file(run_genus.tcl) 3: set RTL_SV_FILES [list ]
@file(run_genus.tcl) 4: set INC_DIRS [list {/home/Harsh/rtl2gds_work/repos/rtl2gds-designs/input/rtl}]
@file(run_genus.tcl) 5: set SDC_FILE {/home/Harsh/rtl2gds_work/runs/rtl2gds-designs/20260926_231129_single/counter8/synth/single/constraints.sdc}
@file(run_genus.tcl) 6: set LIB_FILES [list {/home/lib/sky130_hd/sky130_fd_sc_hd__tt_025C_1v80.lib}]
@file(run_genus.tcl) 7: set LEF_FILES [list ]
@file(run_genus.tcl) 8: set EFFORT {medium}
@file(run_genus.tcl) 9: set OUT_DIR {/home/Harsh/rtl2gds_work/runs/rtl2gds-designs/20260926_231129_single/counter8/synth/single/out}
@file(run_genus.tcl) 10: if {[catch {source {/home/Harsh/rtl2gds_github/tcl/genus_flow.tcl}} rtl2gds_err]} {
    file mkdir {/home/Harsh/rtl2gds_work/runs/rtl2gds-designs/20260926_231129_single/counter8/synth/single/out}
    set rtl2gds_f [open {/home/Harsh/rtl2gds_work/runs/rtl2gds-designs/20260926_231129_single/counter8/synth/single/out/error.txt} w]
    puts $rtl2gds_f $rtl2gds_err
    close $rtl2gds_f
    puts "RTL2GDS_ERROR: $rtl2gds_err"
}
Sourcing '/home/Harsh/rtl2gds_github/tcl/genus_flow.tcl' (Sat Sep 26 23:11:37 IST 2026)...
#@ Begin verbose source /home/Harsh/rtl2gds_github/tcl/genus_flow.tcl
@file(genus_flow.tcl) 5: file mkdir $OUT_DIR/reports $OUT_DIR/results
@file(genus_flow.tcl) 7: set_db init_hdl_search_path $INC_DIRS
  Setting attribute of root '/': 'init_hdl_search_path' = /home/Harsh/rtl2gds_work/repos/rtl2gds-designs/input/rtl
@file(genus_flow.tcl) 8: read_libs $LIB_FILES

Threads Configured:3

  Message Summary for Library sky130_fd_sc_hd__tt_025C_1v80.lib:
  **************************************************************
  An unsupported construct was detected in this library. [LBR-40]: 11
  **************************************************************
 
Info    : Created nominal operating condition. [LBR-412]
        : Operating condition '_nominal_' was created for the PVT values (1.000000, 1.800000, 25.000000) in library 'sky130_fd_sc_hd__tt_025C_1v80.lib'.
        : The nominal operating condition is represented, either by the nominal PVT values specified in the library source (via nom_process,nom_voltage and nom_temperature respectively), or by the default PVT values (1.0,1.0,1.0).
Warning : Library cell has no output pins defined. [LBR-9]
        : Library cell 'sky130_fd_sc_hd__decap_12' must have an output pin.
        : Add the missing output pin(s), then reload the library. Else the library cell will be marked as timing model i.e. unusable. Timing_model means that the cell does not have any defined function. If there is no output pin, Genus will mark library cell as unusable i.e. the attribute 'usable' will be marked to 'false' on the libcell. Therefore, the cell is not used for mapping and it will not be picked up from the library for synthesis. If you query the attribute 'unusable_reason' on the libcell; result will be: 'Library cell has no output pins.'Note: The message LBR-9 is only for the logical pins and not for the power_ground pins. Genus will depend upon the output function defined in the pin group (output pin) of the cell, to use it for mapping. The pg_pin will not have any function defined.
Warning : Library cell has no output pins defined. [LBR-9]
        : Library cell 'sky130_fd_sc_hd__decap_12' must have an output pin.
Warning : Library cell has no output pins defined. [LBR-9]
        : Library cell 'sky130_fd_sc_hd__decap_3' must have an output pin.
Warning : Library cell has no output pins defined. [LBR-9]
        : Library cell 'sky130_fd_sc_hd__decap_3' must have an output pin.
Warning : Library cell has no output pins defined. [LBR-9]
        : Library cell 'sky130_fd_sc_hd__decap_4' must have an output pin.
Warning : Library cell has no output pins defined. [LBR-9]
        : Library cell 'sky130_fd_sc_hd__decap_4' must have an output pin.
Warning : Library cell has no output pins defined. [LBR-9]
        : Library cell 'sky130_fd_sc_hd__decap_6' must have an output pin.
Warning : Library cell has no output pins defined. [LBR-9]
        : Library cell 'sky130_fd_sc_hd__decap_6' must have an output pin.
Warning : Library cell has no output pins defined. [LBR-9]
        : Library cell 'sky130_fd_sc_hd__decap_8' must have an output pin.
Warning : Library cell has no output pins defined. [LBR-9]
        : Library cell 'sky130_fd_sc_hd__decap_8' must have an output pin.
Warning : Library cell has no output pins defined. [LBR-9]
        : Library cell 'sky130_fd_sc_hd__diode_2' must have an output pin.
Warning : Library cell has no output pins defined. [LBR-9]
        : Library cell 'sky130_fd_sc_hd__diode_2' must have an output pin.
Warning : Library cell has no output pins defined. [LBR-9]
        : Library cell 'sky130_fd_sc_hd__lpflow_bleeder_1' must have an output pin.
Warning : Library cell has no output pins defined. [LBR-9]
        : Library cell 'sky130_fd_sc_hd__lpflow_bleeder_1' must have an output pin.
Warning : Library cell has no output pins defined. [LBR-9]
        : Library cell 'sky130_fd_sc_hd__lpflow_decapkapwr_12' must have an output pin.
Warning : Library cell has no output pins defined. [LBR-9]
        : Library cell 'sky130_fd_sc_hd__lpflow_decapkapwr_12' must have an output pin.
Warning : Library cell has no output pins defined. [LBR-9]
        : Library cell 'sky130_fd_sc_hd__lpflow_decapkapwr_3' must have an output pin.
Warning : Library cell has no output pins defined. [LBR-9]
        : Library cell 'sky130_fd_sc_hd__lpflow_decapkapwr_3' must have an output pin.
Warning : Library cell has no output pins defined. [LBR-9]
        : Library cell 'sky130_fd_sc_hd__lpflow_decapkapwr_4' must have an output pin.
Warning : Library cell has no output pins defined. [LBR-9]
        : Library cell 'sky130_fd_sc_hd__lpflow_decapkapwr_4' must have an output pin.
Warning : Maximum message print count reached. [MESG-11]
        : Maximum print count of '20' reached for message 'LBR-9'.
@file(genus_flow.tcl) 9: if {[llength $LEF_FILES]} {
    read_physical -lef $LEF_FILES
}
@file(genus_flow.tcl) 13: if {[llength $RTL_V_FILES]}  { read_hdl $RTL_V_FILES }
@file(genus_flow.tcl) 14: if {[llength $RTL_SV_FILES]} { read_hdl -sv $RTL_SV_FILES }
@file(genus_flow.tcl) 15: elaborate $TOP
  Library has 328 usable logic and 62 usable sequential lib-cells.
Warning : Non-monotonic wireload model found. [LBR-81]
        : 'Length' table in wireload model 'Huge' is non-monotonic.
        : Non-monotonic wireload models can cause problems during synthesis and/or mapping.  Raising some of the points in the curve to give it a monotonic shape.
Warning : Non-monotonic wireload model found. [LBR-81]
        : 'Length' table in wireload model 'Huge' is non-monotonic.
Warning : Non-monotonic wireload model found. [LBR-81]
        : 'Length' table in wireload model 'Huge' is non-monotonic.
Warning : Non-monotonic wireload model found. [LBR-81]
        : 'Length' table in wireload model 'Large' is non-monotonic.
Warning : Non-monotonic wireload model found. [LBR-81]
        : 'Length' table in wireload model 'Large' is non-monotonic.
Warning : Non-monotonic wireload model found. [LBR-81]
        : 'Length' table in wireload model 'Large' is non-monotonic.
Warning : Non-monotonic wireload model found. [LBR-81]
        : 'Length' table in wireload model 'Medium' is non-monotonic.
Warning : Non-monotonic wireload model found. [LBR-81]
        : 'Length' table in wireload model 'Medium' is non-monotonic.
Warning : Non-monotonic wireload model found. [LBR-81]
        : 'Length' table in wireload model 'Medium' is non-monotonic.
Warning : Non-monotonic wireload model found. [LBR-81]
        : 'Length' table in wireload model 'Small' is non-monotonic.
Warning : Non-monotonic wireload model found. [LBR-81]
        : 'Length' table in wireload model 'Small' is non-monotonic.
Warning : Non-monotonic wireload model found. [LBR-81]
        : 'Length' table in wireload model 'Small' is non-monotonic.
Info    : Elaborating Design. [ELAB-1]
        : Elaborating top-level block 'counter8' from file '/home/Harsh/rtl2gds_work/repos/rtl2gds-designs/input/rtl/counter8.v'.
Info    : Done Elaborating Design. [ELAB-3]
        : Done elaborating 'counter8'.
Checking for analog nets...
Check completed for analog nets.
Checking for source RTL...
Check completed for source RTL.
Running Unified Mux Engine Tricks...
Completed Unified Mux Engine Tricks

Stage: post_elab
--------------------------------------------------------
| Trick             | Accepts | Rejects | Runtime (ms) | 
--------------------------------------------------------
| ume_constant_bmux |       0 |       0 |         0.00 | 
--------------------------------------------------------
Starting clip mux common data inputs [v1.0] (stage: post_elab, startdef: counter8, recur: true)
Completed clip mux common data inputs (accepts: 0, rejects: 0, runtime: 0.000s)
Starting clip the non-user hierarchies [v2.0] (stage: post_elab, startdef: counter8, recur: true)
Completed clip the non-user hierarchies (accepts: 0, rejects: 0, runtime: 0.000s)

Stage: post_elab
---------------------------------------------------------
| Transform          | Accepts | Rejects | Runtime (ms) | 
---------------------------------------------------------
| hlo_clip_mux_input |       0 |       0 |         0.00 | 
| hlo_clip           |       0 |       0 |         0.00 | 
---------------------------------------------------------
UM:   flow.cputime  flow.realtime  timing.setup.tns  timing.setup.wns  snapshot
UM:*                                                                   elaborate
@file(genus_flow.tcl) 16: check_design -unresolved > $OUT_DIR/reports/check_design.rpt

@file(genus_flow.tcl) 18: read_sdc $SDC_FILE
Statistics for commands executed by read_sdc:
 "all_inputs"               - successful      1 , failed      0 (runtime  0.00)
 "all_outputs"              - successful      1 , failed      0 (runtime  0.00)
 "create_clock"             - successful      1 , failed      0 (runtime  0.00)
 "get_ports"                - successful      2 , failed      0 (runtime  0.00)
 "remove_from_collection"   - successful      1 , failed      0 (runtime  0.00)
 "set_input_delay"          - successful      1 , failed      0 (runtime  0.00)
 "set_output_delay"         - successful      1 , failed      0 (runtime  0.00)
read_sdc completed in 00:00:00 (hh:mm:ss)
@file(genus_flow.tcl) 20: set_db syn_generic_effort $EFFORT
  Setting attribute of root '/': 'syn_generic_effort' = medium
@file(genus_flow.tcl) 21: set_db syn_map_effort     $EFFORT
  Setting attribute of root '/': 'syn_map_effort' = medium
@file(genus_flow.tcl) 22: set_db syn_opt_effort     $EFFORT
  Setting attribute of root '/': 'syn_opt_effort' = medium
@file(genus_flow.tcl) 24: syn_generic

Stage: pre_early_cg
------------------------------------------------
| Transform | Accepts | Rejects | Runtime (ms) | 
------------------------------------------------
------------------------------------------------
##Generic Timing Info for library domain: _default_ typical gate delay: 148.6 ps std_slew: 21.4 ps std_load: 4.9 fF
Starting mux data reorder optimization [v1.0] (stage: pre_to_gen_setup, startdef: counter8, recur: true)
Completed mux data reorder optimization (accepts: 0, rejects: 0, runtime: 0.000s)

Stage: pre_to_gen_setup
------------------------------------------------------
| Transform       | Accepts | Rejects | Runtime (ms) | 
------------------------------------------------------
| hlo_mux_reorder |       0 |       0 |         0.00 | 
------------------------------------------------------
Info    : Synthesizing. [SYNTH-1]
        : Synthesizing 'counter8' to generic gates using 'medium' effort.
PBS_Generic-Start - Elapsed_Time 0, CPU_Time 0.0
stamp 'PBS_Generic-Start' being created for table 'pbs_debug'

  Total Time (Wall) |  Stage Time (Wall)  |   % (Wall)   |    Date - Time     |  Memory   | Stage
--------------------+---------------------+--------------+--------------------+-----------+----------------------
 00:00:05(00:00:03) |  00:00:00(00:00:00) |   0.0(  0.0) |   23:11:38 (Sep26) |  228.6 MB | PBS_Generic-Start
--------------------+---------------------+--------------+--------------------+-----------+----------------------
Number of threads: 8 * 1   (id: pbs_debug, time_info v1.57)
Info: (*N*) indicates data that was populated from previously saved time_info database
Info: CPU time includes time of parent + longest thread
TNS Restructuring config: no_value at stage: generic applied.
Info    : Partition Based Synthesis execution skipped. [PHYS-752]
        : Design size is less than the partition size '100000' for distributed generic optimization to kick in.
Starting mux data reorder optimization [v1.0] (stage: pre_to_gen_setup, startdef: counter8, recur: true)
Completed mux data reorder optimization (accepts: 0, rejects: 0, runtime: 0.001s)

Stage: pre_to_gen_setup
------------------------------------------------------
| Transform       | Accepts | Rejects | Runtime (ms) | 
------------------------------------------------------
| hlo_mux_reorder |       0 |       0 |         1.00 | 
------------------------------------------------------
Starting mux data reorder optimization [v1.0] (stage: post_to_gen_setup, startdef: counter8, recur: true)
Completed mux data reorder optimization (accepts: 0, rejects: 0, runtime: 0.000s)

Stage: post_to_gen_setup
------------------------------------------------------
| Transform       | Accepts | Rejects | Runtime (ms) | 
------------------------------------------------------
| hlo_mux_reorder |       0 |       0 |         0.00 | 
------------------------------------------------------
Running Unified Mux Engine Tricks...
Completed Unified Mux Engine Tricks

Stage: pre_hlo_rtlopt
--------------------------------------------
| Trick | Accepts | Rejects | Runtime (ms) | 
--------------------------------------------
--------------------------------------------
Starting infer macro optimization [v1.0] (stage: pre_rtlopt, startdef: counter8, recur: true)
Completed infer macro optimization (accepts: 0, rejects: 0, runtime: 0.000s)
Starting decode mux sandwich optimization [v2.0] (stage: pre_rtlopt, startdef: counter8, recur: true)
Completed decode mux sandwich optimization (accepts: 0, rejects: 0, runtime: 0.000s)
Starting decode mux optimization [v1.0] (stage: pre_rtlopt, startdef: counter8, recur: true)
Completed decode mux optimization (accepts: 0, rejects: 0, runtime: 0.000s)
Starting chop wide muxes [v1.0] (stage: pre_rtlopt, startdef: counter8, recur: true)
Completed chop wide muxes (accepts: 0, rejects: 0, runtime: 0.000s)
Starting common data mux cascade opt [v1.0] (stage: pre_rtlopt, startdef: counter8, recur: true)
Completed common data mux cascade opt (accepts: 0, rejects: 0, runtime: 0.000s)
Starting mux input consolidation [v1.0] (stage: pre_rtlopt, startdef: counter8, recur: true)
Completed mux input consolidation (accepts: 0, rejects: 0, runtime: 0.000s)
Starting constant-data mux optimization [v1.0] (stage: pre_rtlopt, startdef: counter8, recur: true)
Completed constant-data mux optimization (accepts: 0, rejects: 0, runtime: 0.000s)
Starting chain-to-tree inequality transform [v2.0] (stage: pre_rtlopt, startdef: counter8, recur: true)
Completed chain-to-tree inequality transform (accepts: 0, rejects: 0, runtime: 0.000s)
Starting reconvergence optimization [v1.0] (stage: pre_rtlopt, startdef: counter8, recur: true)
Completed reconvergence optimization (accepts: 0, rejects: 0, runtime: 0.000s)
Starting logic restructure optimization [v1.0] (stage: pre_rtlopt, startdef: counter8, recur: true)
Completed logic restructure optimization (accepts: 0, rejects: 0, runtime: 0.000s)
Starting common select mux optimization [v1.0] (stage: pre_rtlopt, startdef: counter8, recur: true)
Completed common select mux optimization (accepts: 0, rejects: 0, runtime: 0.000s)
Starting identity transform [v3.0] (stage: pre_rtlopt, startdef: counter8, recur: true)
Completed identity transform (accepts: 0, rejects: 0, runtime: 0.000s)
Starting reduce operator chain [v1.0] (stage: pre_rtlopt, startdef: counter8, recur: true)
Completed reduce operator chain (accepts: 0, rejects: 0, runtime: 0.000s)
Starting common data mux cascade opt [v1.0] (stage: pre_rtlopt, startdef: counter8, recur: true)
Completed common data mux cascade opt (accepts: 0, rejects: 0, runtime: 0.000s)
Starting mux input consolidation [v1.0] (stage: pre_rtlopt, startdef: counter8, recur: true)
Completed mux input consolidation (accepts: 0, rejects: 0, runtime: 0.000s)
Starting optimize datapath elements [v1.0] (stage: pre_rtlopt, startdef: counter8, recur: true)
Completed optimize datapath elements (accepts: 0, rejects: 0, runtime: 0.000s)
Starting datapath recasting [v1.0] (stage: pre_rtlopt, startdef: counter8, recur: true)
Completed datapath recasting (accepts: 0, rejects: 0, runtime: 0.000s)
Starting clip mux common data inputs [v1.0] (stage: pre_rtlopt, startdef: counter8, recur: true)
Completed clip mux common data inputs (accepts: 0, rejects: 0, runtime: 0.000s)
Starting clip the non-user hierarchies [v2.0] (stage: pre_rtlopt, startdef: counter8, recur: true)
Completed clip the non-user hierarchies (accepts: 0, rejects: 0, runtime: 0.000s)

Stage: pre_rtlopt
----------------------------------------------------------------
| Transform                 | Accepts | Rejects | Runtime (ms) | 
----------------------------------------------------------------
| hlo_infer_macro           |       0 |       0 |         0.00 | 
| hlo_decode_mux_sandwich   |       0 |       0 |         0.00 | 
| hlo_mux_decode            |       0 |       0 |         0.00 | 
| hlo_chop_mux              |       0 |       0 |         0.00 | 
| hlo_mux_cascade_opt       |       0 |       0 |         0.00 | 
| hlo_mux_consolidation     |       0 |       0 |         0.00 | 
| hlo_constant_mux_opt      |       0 |       0 |         0.00 | 
| hlo_inequality_transform  |       0 |       0 |         0.00 | 
| hlo_reconv_opt            |       0 |       0 |         0.00 | 
| hlo_restructure           |       0 |       0 |         0.00 | 
| hlo_common_select_muxopto |       0 |       0 |         0.00 | 
| hlo_identity_transform    |       0 |       0 |         0.00 | 
| hlo_reduce_operator_chain |       0 |       0 |         0.00 | 
| hlo_mux_cascade_opt       |       0 |       0 |         0.00 | 
| hlo_mux_consolidation     |       0 |       0 |         0.00 | 
| hlo_optimize_datapath     |       0 |       0 |         0.00 | 
| hlo_datapath_recast       |       0 |       0 |         0.00 | 
| hlo_clip_mux_input        |       0 |       0 |         0.00 | 
| hlo_clip                  |       0 |       0 |         0.00 | 
----------------------------------------------------------------
Running Unified Mux Engine Tricks...
Completed Unified Mux Engine Tricks

Stage: post_hlo_rtlopt
--------------------------------------------------
| Trick       | Accepts | Rejects | Runtime (ms) | 
--------------------------------------------------
| ume_runtime |       0 |       0 |         0.00 | 
--------------------------------------------------
Number of big hc bmuxes before = 0
Info    : Pre-processed datapath logic. [DPOPT-6]
        : No pre-processing optimizations applied to datapath logic in 'counter8'.
Info    : Optimizing datapath logic. [DPOPT-1]
        : Optimizing datapath logic in 'counter8'.
Info    : Implementing datapath configurations. [DPOPT-3]
        : Implementing datapath configurations for 'CDN_DP_region_0_0'
CSAGen Prep Share:0 Re-Write:0 Speculation: 0
MaxCSA: Successfully built Maximal CSA Expression Expr0
CDN_DP_region_0_0 level = 0 loads = 0 drivers = 0
CDN_DP_region_0_0_c0 in counter8: area: 197855430 ,dp = 1 mux = 0 sg = slow         worst_clk_period: -1.0000 
    wns: 0  norm_wns:  -1.0000 
    fail_endp: -1 
    tns:  0  tns_per_endp:  -1.0000   norm_tns_per_endp:  -1.0000 
    tns_sense_max:  -1.0000  tns_sense_avg:  -1.0000   tns_sense_num: -1
 skipped
CDN_DP_region_0_0_c1 in counter8: area: 138919770 ,dp = 1 mux = 0 sg = fast         worst_clk_period: -1.0000 
    wns: 0  norm_wns:  -1.0000 
    fail_endp: -1 
    tns:  0  tns_per_endp:  -1.0000   norm_tns_per_endp:  -1.0000 
    tns_sense_max:  -1.0000  tns_sense_avg:  -1.0000   tns_sense_num: -1
 is current best
CDN_DP_region_0_0_c2 in counter8: area: 138919770 ,dp = 1 mux = 0 sg = very_slow    worst_clk_period: -1.0000 
    wns: 0  norm_wns:  -1.0000 
    fail_endp: -1 
    tns:  0  tns_per_endp:  -1.0000   norm_tns_per_endp:  -1.0000 
    tns_sense_max:  -1.0000  tns_sense_avg:  -1.0000   tns_sense_num: -1
 is current best
CDN_DP_region_0_0_c3 in counter8: area: 138919770 ,dp = 1 mux = 0 sg = very_fast    worst_clk_period: -1.0000 
    wns: 0  norm_wns:  -1.0000 
    fail_endp: -1 
    tns:  0  tns_per_endp:  -1.0000   norm_tns_per_endp:  -1.0000 
    tns_sense_max:  -1.0000  tns_sense_avg:  -1.0000   tns_sense_num: -1
 is current best
CDN_DP_region_0_0_c4 in counter8: area: 138919770 ,dp = 1 mux = 0 sg = very_fast    worst_clk_period: -1.0000 
    wns: 0  norm_wns:  -1.0000 
    fail_endp: -1 
    tns:  0  tns_per_endp:  -1.0000   norm_tns_per_endp:  -1.0000 
    tns_sense_max:  -1.0000  tns_sense_avg:  -1.0000   tns_sense_num: -1
 is current best
CDN_DP_region_0_0_c5 in counter8: area: 138919770 ,dp = 1 mux = 0 sg = very_fast    worst_clk_period: -1.0000 
    wns: 0  norm_wns:  -1.0000 
    fail_endp: -1 
    tns:  0  tns_per_endp:  -1.0000   norm_tns_per_endp:  -1.0000 
    tns_sense_max:  -1.0000  tns_sense_avg:  -1.0000   tns_sense_num: -1
 is current best
CDN_DP_region_0_0_c6 in counter8: area: 138919770 ,dp = 1 mux = 0 sg = very_fast    worst_clk_period: -1.0000 
    wns: 0  norm_wns:  -1.0000 
    fail_endp: -1 
    tns:  0  tns_per_endp:  -1.0000   norm_tns_per_endp:  -1.0000 
    tns_sense_max:  -1.0000  tns_sense_avg:  -1.0000   tns_sense_num: -1
 is current best
CDN_DP_region_0_0_c7 in counter8: area: 138919770 ,dp = 1 mux = 0 sg = very_fast    worst_clk_period: -1.0000 
    wns: 0  norm_wns:  -1.0000 
    fail_endp: -1 
    tns:  0  tns_per_endp:  -1.0000   norm_tns_per_endp:  -1.0000 
    tns_sense_max:  -1.0000  tns_sense_avg:  -1.0000   tns_sense_num: -1
 is current best
Best config: CDN_DP_region_0_0_c7 in counter8: area: 138919770 ,dp = 1 mux = 0 sg = very_fast    worst_clk_period: -1.0000 
    wns: 0  norm_wns:  -1.0000 
    fail_endp: -1 
    tns:  0  tns_per_endp:  -1.0000   norm_tns_per_endp:  -1.0000 
    tns_sense_max:  -1.0000  tns_sense_avg:  -1.0000   tns_sense_num: -1
  Smallest config area : 138919770.  Fastest config wns;  0
##>+----------------------------------------------------------------------------------------------------------------------------------------------------------------+
##>Summary table of configs (Best config is CDN_DP_region_0_0_c7)
##>+----------------------------------------------------------------------------------------------------------------------------------------------------------------+
##>                     0                  1                  2                  3                  4                  5                  6                  7            
##>+----------------------------------------------------------------------------------------------------------------------------------------------------------------+
##>           Area        197855430          138919770          138919770          138919770          138919770          138919770          138919770          138919770  
##>            WNS          +534.30            +731.10            +731.10            +731.10            +731.10            +731.10            +731.10            +731.10  
##>            TNS                0                  0                  0                  0                  0                  0                  0                  0  
##>    Num Rewrite                0                  0                  0                  0                  0                  0                  0                  0  
##>     Num Factor                0                  0                  0                  0                  0                  0                  0                  0  
##>      Num Share                0                  0                  0                  0                  0                  0                  0                  0  
##>   Num CmultCse                0                  0                  0                  0                  0                  0                  0                  0  
##>   Num Downsize                0                  0                  0                  0                  0                  0                  0                  0  
##>  Num Speculate                0                  0                  0                  0                  0                  0                  0                  0  
##>     Runtime(s)                0                  0                  0                  0                  0                  0                  0                  0  
+----------------------------------------------------------------------------------------------------------------------------------------------------------------+
##>
##>
##>+------------------------------------------------------------------------------------------------------------------------------------------------------------+
##>Optimization Step DEBUG Table for config CDN_DP_region_0_0_c7
##>
##>                          Step                        Area   ( % Chg)        WNS (Change)        TNS (Change)          Runtime (s)        Comment                   
##>+------------------------------------------------------------------------------------------------------------------------------------------------------------+
##>EquationExtraction              START              197855430 (      )      534.30 (        )             0 (        )              
##> rewrite                        START              362033340 (+82.98)      452.20 (  -82.10)             0 (       0)              (a,ar) Expr0_from --> Expr0_to
##>                                  END              686179470 (+89.53)      452.20 (   +0.00)             0 (       0)           0  
##>                                  END              197855430 ( +0.00)      534.30 (   +0.00)             0 (       0)           0  
##>createMaxCarrySave              START              197855430 ( +0.00)      534.30 (   +0.00)             0 (       0)              
##> datapath_rewrite_one_def       START              197855430 ( +0.00)      534.30 (   +0.00)             0 (       0)              
##>                                  END              197855430 ( +0.00)      534.30 (   +0.00)             0 (       0)           0  
##> csa_opto                       START              197855430 ( +0.00)      534.30 (   +0.00)             0 (       0)              
##>                                  END              185226360 ( -6.38)      619.70 (  +85.40)             0 (       0)           0  
##>                                  END              185226360 ( -6.38)      619.70 (  +85.40)             0 (       0)           0  
##>canonicalize_by_names           START              185226360 ( +0.00)      619.70 (   +0.00)             0 (       0)              
##>                                  END              185226360 ( +0.00)      619.70 (   +0.00)             0 (       0)           0  
##>datapath_rewrite_post_csa_one_  START              185226360 ( +0.00)      619.70 (   +0.00)             0 (       0)              
##>                                  END              185226360 ( +0.00)      619.70 (   +0.00)             0 (       0)           0  
##>datapath_csa_factoring_one_gde  START              185226360 ( +0.00)      619.70 (   +0.00)             0 (       0)              
##>                                  END              185226360 ( +0.00)      619.70 (   +0.00)             0 (       0)           0  
##>dpopt_share_one_def             START              185226360 ( +0.00)      619.70 (   +0.00)             0 (       0)              
##>                                  END              185226360 ( +0.00)      619.70 (   +0.00)             0 (       0)           0  
##>datapath_rewrite_post_share     START              185226360 ( +0.00)      619.70 (   +0.00)             0 (       0)              
##>                                  END              185226360 ( +0.00)      619.70 (   +0.00)             0 (       0)           0  
##>dp_combine_const_mult_with_com  START              185226360 ( +0.00)      619.70 (   +0.00)             0 (       0)              
##>                                  END              185226360 ( +0.00)      619.70 (   +0.00)             0 (       0)           0  
##>dp_operator_level_decompositio  START              185226360 ( +0.00)      619.70 (   +0.00)             0 (       0)              
##>                                  END              185226360 ( +0.00)      619.70 (   +0.00)             0 (       0)           0  
##>selective_flatten_dp_config     START              185226360 ( +0.00)      619.70 (   +0.00)             0 (       0)              
##>                                  END              185226360 ( +0.00)      619.70 (   +0.00)             0 (       0)           0  
##>createMaxCarrySave              START              185226360 ( +0.00)      619.70 (   +0.00)             0 (       0)              
##> datapath_rewrite_one_def       START              185226360 ( +0.00)      619.70 (   +0.00)             0 (       0)              
##>  fast_cse_elim                 START              185226360 ( +0.00)      619.70 (   +0.00)             0 (       0)              
##>                                  END              185226360 ( +0.00)      619.70 (   +0.00)             0 (       0)           0  
##>  fast_cse_elim                 START              185226360 ( +0.00)      619.70 (   +0.00)             0 (       0)              
##>                                  END              185226360 ( +0.00)      619.70 (   +0.00)             0 (       0)           0  
##>                                  END              185226360 ( +0.00)      619.70 (   +0.00)             0 (       0)           0  
##> csa_opto                       START              185226360 ( +0.00)      619.70 (   +0.00)             0 (       0)              
##>                                  END              185226360 ( +0.00)      619.70 (   +0.00)             0 (       0)           0  
##>                                  END              185226360 ( +0.00)      619.70 (   +0.00)             0 (       0)           0  
##>context_based_simplify          START              168387600 ( -9.09)      665.50 (  +45.80)             0 (       0)              
##>                                  END              138919770 (-17.50)      731.10 (  +65.60)             0 (       0)           0  
##>group_csa_final_adder_dp        START              138919770 ( +0.00)      731.10 (   +0.00)             0 (       0)              
##>                                  END              138919770 ( +0.00)      731.10 (   +0.00)             0 (       0)           0  
##>dpopt_flatten_critical_muxes_i  START              138919770 ( +0.00)      731.10 (   +0.00)             0 (       0)              
##>                                  END              138919770 ( +0.00)      731.10 (   +0.00)             0 (       0)           0  
##>create_score                    START              138919770 ( +0.00)      731.10 (   +0.00)             0 (       0)              
##>                                  END              138919770 ( +0.00)      731.10 (   +0.00)             0 (       0)           0  
##>+------------------------------------------------------------------------------------------------------------------------------------------------------------+
Committed config: CDN_DP_region_0_0_c7
Info    : Done implementing datapath configurations. [DPOPT-4]
        : Selected 'very_fast' configuration 7 for module 'CDN_DP_region_0_0'.
          Optimizations applied to 'very_fast' configuration:
            rewriting(0), factoring(0), sharing(0), cmultcse(0), downsizing(0), speculation(0)
Info    : Done optimizing datapath logic. [DPOPT-2]
        : Done optimizing datapath logic in 'counter8'.
Number of big hc bmuxes after = 0
Starting logic reduction [v1.0] (stage: post_rtlopt, startdef: counter8, recur: true)
Completed logic reduction (accepts: 0, rejects: 0, runtime: 0.000s)
Starting mux data reorder optimization [v1.0] (stage: post_rtlopt, startdef: counter8, recur: true)
Completed mux data reorder optimization (accepts: 0, rejects: 0, runtime: 0.000s)

Stage: post_rtlopt
----------------------------------------------------------
| Transform           | Accepts | Rejects | Runtime (ms) | 
----------------------------------------------------------
| hlo_logic_reduction |       0 |       0 |         0.00 | 
| hlo_mux_reorder     |       0 |       0 |         0.00 | 
----------------------------------------------------------
Starting mux speculation [v1.0] (stage: post_muxopt, startdef: counter8, recur: true)
Starting speculation optimization
Completed speculation optimization (accepts:0)
Completed mux speculation (accepts: 0, rejects: 0, runtime: 0.000s)

Stage: post_muxopt
------------------------------------------------------
| Transform       | Accepts | Rejects | Runtime (ms) | 
------------------------------------------------------
| hlo_speculation |       0 |       0 |         0.00 | 
------------------------------------------------------
==================================
Stage : to_generic 
==================================
  =================
   Message Summary
  =================
--------------------------------------------------------------------------------
|    Id    |  Sev   |Count |                   Message Text                    |
--------------------------------------------------------------------------------
| CWD-19   |Info    |    9 |An implementation was inferred.                    |
| DPOPT-1  |Info    |    1 |Optimizing datapath logic.                         |
| DPOPT-2  |Info    |    1 |Done optimizing datapath logic.                    |
| DPOPT-3  |Info    |    1 |Implementing datapath configurations.              |
| DPOPT-4  |Info    |    1 |Done implementing datapath configurations.         |
| DPOPT-6  |Info    |    1 |Pre-processed datapath logic.                      |
| ELAB-1   |Info    |    1 |Elaborating Design.                                |
| ELAB-3   |Info    |    1 |Done Elaborating Design.                           |
| LBR-9    |Warning |   24 |Library cell has no output pins defined.           |
|          |        |      |Add the missing output pin(s)                      |
|          |        |      | , then reload the library. Else the library cell  |
|          |        |      | will be marked as timing model i.e. unusable.     |
|          |        |      | Timing_model means that the cell does not have    |
|          |        |      | any defined function. If there is no output pin,  |
|          |        |      | Genus will mark library cell as unusable i.e. the |
|          |        |      | attribute 'usable' will be marked to 'false' on   |
|          |        |      | the libcell. Therefore, the cell is not used for  |
|          |        |      | mapping and it will not be picked up from the     |
|          |        |      | library for synthesis. If you query the attribute |
|          |        |      | 'unusable_reason' on the libcell; result will be: |
|          |        |      | 'Library cell has no output pins.'Note: The       |
|          |        |      | message LBR-9 is only for the logical pins and    |
|          |        |      | not for the power_ground pins. Genus will depend  |
|          |        |      | upon the output function defined in the pin group |
|          |        |      | (output pin)                                      |
|          |        |      | of the cell, to use it for mapping. The pg_pin    |
|          |        |      | will not have any function defined.               |
| LBR-40   |Info    |   11 |An unsupported construct was detected in this      |
|          |        |      | library.                                          |
|          |        |      |Check to see if this construct is really needed    |
|          |        |      | for synthesis. Many liberty constructs are not    |
|          |        |      | actually required.                                |
| LBR-81   |Warning |   12 |Non-monotonic wireload model found.                |
|          |        |      |Non-monotonic wireload models can cause problems   |
|          |        |      | during synthesis and/or mapping.  Raising some of |
|          |        |      | the points in the curve to give it a monotonic    |
|          |        |      | shape.                                            |
| LBR-155  |Info    |  134 |Mismatch in unateness between 'timing_sense'       |
|          |        |      | attribute and the function.                       |
|          |        |      |The 'timing_sense' attribute will be respected.    |
| LBR-161  |Info    |    1 |Setting the maximum print count of this message to |
|          |        |      | 10 if information_level is less than 9.           |
| LBR-162  |Info    |   67 |Both 'pos_unate' and 'neg_unate' timing_sense arcs |
|          |        |      | have been processed.                              |
|          |        |      |Setting the 'timing_sense' to non_unate.           |
| LBR-412  |Info    |    1 |Created nominal operating condition.               |
|          |        |      |The nominal operating condition is represented,    |
|          |        |      | either by the nominal PVT values specified in the |
|          |        |      | library source                                    |
|          |        |      | (via nom_process,nom_voltage and nom_temperature  |
|          |        |      | respectively)                                     |
|          |        |      | , or by the default PVT values (1.0,1.0,1.0).     |
| PHYS-752 |Info    |    1 |Partition Based Synthesis execution skipped.       |
| SYNTH-1  |Info    |    1 |Synthesizing.                                      |
| TIM-1000 |Info    |    1 |Multimode clock gating check is disabled.          |
--------------------------------------------------------------------------------
Mapper: Libraries have:
	domain _default_: 328 combo usable cells and 62 sequential usable cells
Multi-threaded constant propagation [1|0] ...
Multi-threaded Virtual Mapping    (8 threads, 8 of 16 CPUs usable)
==================================
Stage : first_condense 
==================================
  =================
   Message Summary
  =================
---------------------------------------------------------------
|  Id  |Sev  |Count |              Message Text               |
---------------------------------------------------------------
| GB-6 |Info |    1 |A datapath component has been ungrouped. |
---------------------------------------------------------------
 
Global mapping target info
==========================
Cost Group 'clk' target slack:    54 ps
Target path end-point (Pin: count_reg[7]/d)


State Retention Synthesis Status
================================

Category                        Flops   Percentage
--------------------------------------------------
Total instances                     8        100.0
Excluded from State Retention       8        100.0
    - Will not convert              8        100.0
      - Preserved                   0          0.0
      - Power intent excluded       8        100.0
    - Could not convert             0          0.0
      - Scan type                   0          0.0
      - No suitable cell            0          0.0
State Retention instances           0          0.0
--------------------------------------------------

PBS_Generic_Opt-Post - Elapsed_Time 1, CPU_Time 0.980391
stamp 'PBS_Generic_Opt-Post' being created for table 'pbs_debug'

  Total Time (Wall) |  Stage Time (Wall)  |   % (Wall)   |    Date - Time     |  Memory   | Stage
--------------------+---------------------+--------------+--------------------+-----------+----------------------
 00:00:05(00:00:03) |  00:00:00(00:00:00) |   0.0(  0.0) |   23:11:38 (Sep26) |  228.6 MB | PBS_Generic-Start
--------------------+---------------------+--------------+--------------------+-----------+----------------------
 00:00:05(00:00:04) |  00:00:00(00:00:01) | 100.0(100.0) |   23:11:39 (Sep26) |  228.6 MB | PBS_Generic_Opt-Post
--------------------+---------------------+--------------+--------------------+-----------+----------------------
Number of threads: 8 * 1   (id: pbs_debug, time_info v1.57)
Info: (*N*) indicates data that was populated from previously saved time_info database
Info: CPU time includes time of parent + longest thread
PBS_Generic-Postgen HBO Optimizations - Elapsed_Time 0, CPU_Time 0.0
stamp 'PBS_Generic-Postgen HBO Optimizations' being created for table 'pbs_debug'

  Total Time (Wall) |  Stage Time (Wall)  |   % (Wall)   |    Date - Time     |  Memory   | Stage
--------------------+---------------------+--------------+--------------------+-----------+----------------------
 00:00:05(00:00:03) |  00:00:00(00:00:00) |   0.0(  0.0) |   23:11:38 (Sep26) |  228.6 MB | PBS_Generic-Start
--------------------+---------------------+--------------+--------------------+-----------+----------------------
 00:00:05(00:00:04) |  00:00:00(00:00:01) | 100.0(100.0) |   23:11:39 (Sep26) |  228.6 MB | PBS_Generic_Opt-Post
--------------------+---------------------+--------------+--------------------+-----------+----------------------
 00:00:05(00:00:04) |  00:00:00(00:00:00) |   0.0(  0.0) |   23:11:39 (Sep26) |  228.6 MB | PBS_Generic-Postgen HBO Optimizations
--------------------+---------------------+--------------+--------------------+-----------+----------------------
Number of threads: 8 * 1   (id: pbs_debug, time_info v1.57)
Info: (*N*) indicates data that was populated from previously saved time_info database
Info: CPU time includes time of parent + longest thread
##>=================== Cadence Confidential (Generic-Logical) ===================
##>=================== Cadence Confidential (Generic-Logical) ===================
##>Main Thread Summary:
##>----------------------------------------------------------------------------------------
##>STEP                           Elapsed       WNS       TNS     Insts      Area    Memory
##>----------------------------------------------------------------------------------------
##>G:Initial                            0         -         -        42       454       228
##>G:Setup                              0         -         -         -         -         -
##>G:Launch ST                          0         -         -         -         -         -
##>G:Design Partition                   0         -         -         -         -         -
##>G:Create Partition Netlists          0         -         -         -         -         -
##>G:Init Power                         0         -         -         -         -         -
##>G:Budgeting                          0         -         -         -         -         -
##>G:Derenv-DB                          0         -         -         -         -         -
##>G:Debug Outputs                      0         -         -         -         -         -
##>G:ST loading                         0         -         -         -         -         -
##>G:Distributed                        0         -         -         -         -         -
##>G:Timer                              0         -         -         -         -         -
##>G:Assembly                           0         -         -         -         -         -
##>G:DFT                                0         -         -         -         -         -
##>G:Const Prop                         0         -         -        37       471       228
##>G:Misc                               1
##>----------------------------------------------------------------------------------------
##>Total Elapsed                        1
##>========================================================================================
Info    : Done synthesizing. [SYNTH-2]
        : Done synthesizing 'counter8' to generic gates.
      flow.cputime  flow.realtime  timing.setup.tns  timing.setup.wns  snapshot
UM:*                                                                   syn_gen
@file(genus_flow.tcl) 25: syn_map
##Generic Timing Info for library domain: _default_ typical gate delay: 148.6 ps std_slew: 21.4 ps std_load: 4.9 fF
Info    : Mapping. [SYNTH-4]
        : Mapping 'counter8' using 'medium' effort.
Mapper: Libraries have:
	domain _default_: 328 combo usable cells and 62 sequential usable cells
Configuring mapper costing (none)
TNS Restructuring config: no_value at stage: map applied.
PBS_TechMap-Start - Elapsed_Time 0, CPU_Time 0.0
stamp 'PBS_TechMap-Start' being created for table 'pbs_debug'

  Total Time (Wall) |  Stage Time (Wall)  |   % (Wall)   |    Date - Time     |  Memory   | Stage
--------------------+---------------------+--------------+--------------------+-----------+----------------------
 00:00:05(00:00:03) |  00:00:00(00:00:00) |   0.0(  0.0) |   23:11:38 (Sep26) |  228.6 MB | PBS_Generic-Start
--------------------+---------------------+--------------+--------------------+-----------+----------------------
 00:00:05(00:00:04) |  00:00:00(00:00:01) | 100.0(100.0) |   23:11:39 (Sep26) |  228.6 MB | PBS_Generic_Opt-Post
--------------------+---------------------+--------------+--------------------+-----------+----------------------
 00:00:05(00:00:04) |  00:00:00(00:00:00) |   0.0(  0.0) |   23:11:39 (Sep26) |  228.6 MB | PBS_Generic-Postgen HBO Optimizations
--------------------+---------------------+--------------+--------------------+-----------+----------------------
 00:00:05(00:00:04) |  00:00:00(00:00:00) |   0.0(  0.0) |   23:11:39 (Sep26) |  228.6 MB | PBS_TechMap-Start
--------------------+---------------------+--------------+--------------------+-----------+----------------------
Number of threads: 8 * 1   (id: pbs_debug, time_info v1.57)
Info: (*N*) indicates data that was populated from previously saved time_info database
Info: CPU time includes time of parent + longest thread
PBS_TechMap-Premap HBO Optimizations - Elapsed_Time 0, CPU_Time 0.0
stamp 'PBS_TechMap-Premap HBO Optimizations' being created for table 'pbs_debug'

  Total Time (Wall) |  Stage Time (Wall)  |   % (Wall)   |    Date - Time     |  Memory   | Stage
--------------------+---------------------+--------------+--------------------+-----------+----------------------
 00:00:05(00:00:03) |  00:00:00(00:00:00) |   0.0(  0.0) |   23:11:38 (Sep26) |  228.6 MB | PBS_Generic-Start
--------------------+---------------------+--------------+--------------------+-----------+----------------------
 00:00:05(00:00:04) |  00:00:00(00:00:01) | 100.0(100.0) |   23:11:39 (Sep26) |  228.6 MB | PBS_Generic_Opt-Post
--------------------+---------------------+--------------+--------------------+-----------+----------------------
 00:00:05(00:00:04) |  00:00:00(00:00:00) |   0.0(  0.0) |   23:11:39 (Sep26) |  228.6 MB | PBS_Generic-Postgen HBO Optimizations
--------------------+---------------------+--------------+--------------------+-----------+----------------------
 00:00:05(00:00:04) |  00:00:00(00:00:00) |   0.0(  0.0) |   23:11:39 (Sep26) |  228.6 MB | PBS_TechMap-Start
--------------------+---------------------+--------------+--------------------+-----------+----------------------
 00:00:05(00:00:04) |  00:00:00(00:00:00) |   0.0(  0.0) |   23:11:39 (Sep26) |  228.6 MB | PBS_TechMap-Premap HBO Optimizations
--------------------+---------------------+--------------+--------------------+-----------+----------------------
Number of threads: 8 * 1   (id: pbs_debug, time_info v1.57)
Info: (*N*) indicates data that was populated from previously saved time_info database
Info: CPU time includes time of parent + longest thread
Info    : Partition Based Synthesis execution skipped. [PHYS-752]
        : Design size is less than the partition size '100000' for distributed mapping optimization to kick in.
Mapper: Libraries have:
	domain _default_: 328 combo usable cells and 62 sequential usable cells
Multi-threaded Virtual Mapping    (8 threads, 8 of 16 CPUs usable)
==================================
Stage : first_condense 
==================================
  =================
   Message Summary
  =================
-----------------------------------------------------------------------
|    Id    |Sev  |Count |                Message Text                 |
-----------------------------------------------------------------------
| PHYS-752 |Info |    1 |Partition Based Synthesis execution skipped. |
| SYNTH-2  |Info |    1 |Done synthesizing.                           |
| SYNTH-4  |Info |    1 |Mapping.                                     |
-----------------------------------------------------------------------
 
Global mapping target info
==========================
Cost Group 'clk' target slack:    54 ps
Target path end-point (Pin: count_reg[7]/d)

Multi-threaded Virtual Mapping    (8 threads, 8 of 16 CPUs usable)
Multi-threaded Technology Mapping (8 threads, 8 of 16 CPUs usable)
 
Global mapping status
=====================
                                   Group   
                                  Tot Wrst 
                           Total  Weighted 
Operation                   Area   Slacks  
 global_map                  335        0 

    Cost Group            Target    Slack    Diff.  Constr.
-----------------------------------------------------------
           clk                54      382              2000 

 
Global incremental target info
==============================
Cost Group 'clk' target slack:    32 ps
Target path end-point (Pin: count_reg[7]/SCD (sky130_fd_sc_hd__sdfrtp_1/SCD))

 
Global incremental optimization status
======================================
                                   Group   
                                  Tot Wrst 
                           Total  Weighted 
Operation                   Area   Slacks  
 global_incr                 335        0 

    Cost Group            Target    Slack    Diff.  Constr.
-----------------------------------------------------------
           clk                32      382              2000 


State Retention Synthesis Status
================================

Category                        Flops   Percentage
--------------------------------------------------
Total instances                     8        100.0
Excluded from State Retention       8        100.0
    - Will not convert              8        100.0
      - Preserved                   0          0.0
      - Power intent excluded       8        100.0
    - Could not convert             0          0.0
      - Scan type                   0          0.0
      - No suitable cell            0          0.0
State Retention instances           0          0.0
--------------------------------------------------

INFO: skipping constant propagation
PBS_Techmap-Global Mapping - Elapsed_Time 0, CPU_Time -0.038451000000000235
stamp 'PBS_Techmap-Global Mapping' being created for table 'pbs_debug'

  Total Time (Wall) |  Stage Time (Wall)  |   % (Wall)   |    Date - Time     |  Memory   | Stage
--------------------+---------------------+--------------+--------------------+-----------+----------------------
 00:00:05(00:00:03) |  00:00:00(00:00:00) |   0.0(  0.0) |   23:11:38 (Sep26) |  228.6 MB | PBS_Generic-Start
--------------------+---------------------+--------------+--------------------+-----------+----------------------
 00:00:05(00:00:04) |  00:00:00(00:00:01) | 104.1(100.0) |   23:11:39 (Sep26) |  228.6 MB | PBS_Generic_Opt-Post
--------------------+---------------------+--------------+--------------------+-----------+----------------------
 00:00:05(00:00:04) |  00:00:00(00:00:00) |   0.0(  0.0) |   23:11:39 (Sep26) |  228.6 MB | PBS_Generic-Postgen HBO Optimizations
--------------------+---------------------+--------------+--------------------+-----------+----------------------
 00:00:05(00:00:04) |  00:00:00(00:00:00) |   0.0(  0.0) |   23:11:39 (Sep26) |  228.6 MB | PBS_TechMap-Start
--------------------+---------------------+--------------+--------------------+-----------+----------------------
 00:00:05(00:00:04) |  00:00:00(00:00:00) |   0.0(  0.0) |   23:11:39 (Sep26) |  228.6 MB | PBS_TechMap-Premap HBO Optimizations
--------------------+---------------------+--------------+--------------------+-----------+----------------------
 00:00:05(00:00:04) |  00:00:00(00:00:00) |  -4.1(  0.0) |   23:11:39 (Sep26) |  228.6 MB | PBS_Techmap-Global Mapping
--------------------+---------------------+--------------+--------------------+-----------+----------------------
Number of threads: 8 * 1   (id: pbs_debug, time_info v1.57)
Info: (*N*) indicates data that was populated from previously saved time_info database
Info: CPU time includes time of parent + longest thread
Warning : Command 'commit_power_intent' cannot proceed as there is no power intent loaded. [CPI-506]
        : Command 'commit_power_intent' requires a valid power_intent to be loaded.
Info    : Wrote formal verification information. [CFM-5]
        : Wrote 'fv/counter8/fv_map.fv.json' for netlist 'fv/counter8/fv_map.v.gz'.
Info    : Wrote dofile. [CFM-1]
        : Dofile is 'fv/counter8/rtl_to_fv_map.do'.
        : Alias mapping flow is enabled.
PBS_TechMap-Datapath Postmap Operations - Elapsed_Time 1, CPU_Time 1.0
stamp 'PBS_TechMap-Datapath Postmap Operations' being created for table 'pbs_debug'

  Total Time (Wall) |  Stage Time (Wall)  |   % (Wall)   |    Date - Time     |  Memory   | Stage
--------------------+---------------------+--------------+--------------------+-----------+----------------------
 00:00:05(00:00:03) |  00:00:00(00:00:00) |   0.0(  0.0) |   23:11:38 (Sep26) |  228.6 MB | PBS_Generic-Start
--------------------+---------------------+--------------+--------------------+-----------+----------------------
 00:00:05(00:00:04) |  00:00:00(00:00:01) |  50.5( 50.0) |   23:11:39 (Sep26) |  228.6 MB | PBS_Generic_Opt-Post
--------------------+---------------------+--------------+--------------------+-----------+----------------------
 00:00:05(00:00:04) |  00:00:00(00:00:00) |   0.0(  0.0) |   23:11:39 (Sep26) |  228.6 MB | PBS_Generic-Postgen HBO Optimizations
--------------------+---------------------+--------------+--------------------+-----------+----------------------
 00:00:05(00:00:04) |  00:00:00(00:00:00) |   0.0(  0.0) |   23:11:39 (Sep26) |  228.6 MB | PBS_TechMap-Start
--------------------+---------------------+--------------+--------------------+-----------+----------------------
 00:00:05(00:00:04) |  00:00:00(00:00:00) |   0.0(  0.0) |   23:11:39 (Sep26) |  228.6 MB | PBS_TechMap-Premap HBO Optimizations
--------------------+---------------------+--------------+--------------------+-----------+----------------------
 00:00:05(00:00:04) |  00:00:00(00:00:00) |  -2.0(  0.0) |   23:11:39 (Sep26) |  228.6 MB | PBS_Techmap-Global Mapping
--------------------+---------------------+--------------+--------------------+-----------+----------------------
 00:00:06(00:00:05) |  00:00:01(00:00:01) |  51.5( 50.0) |   23:11:40 (Sep26) |  667.2 MB | PBS_TechMap-Datapath Postmap Operations
--------------------+---------------------+--------------+--------------------+-----------+----------------------
Number of threads: 8 * 1   (id: pbs_debug, time_info v1.57)
Info: (*N*) indicates data that was populated from previously saved time_info database
Info: CPU time includes time of parent + longest thread
PBS_TechMap-Postmap HBO Optimizations - Elapsed_Time 0, CPU_Time -0.00010300000000018628
stamp 'PBS_TechMap-Postmap HBO Optimizations' being created for table 'pbs_debug'

  Total Time (Wall) |  Stage Time (Wall)  |   % (Wall)   |    Date - Time     |  Memory   | Stage
--------------------+---------------------+--------------+--------------------+-----------+----------------------
 00:00:05(00:00:03) |  00:00:00(00:00:00) |   0.0(  0.0) |   23:11:38 (Sep26) |  228.6 MB | PBS_Generic-Start
--------------------+---------------------+--------------+--------------------+-----------+----------------------
 00:00:05(00:00:04) |  00:00:00(00:00:01) |  50.5( 50.0) |   23:11:39 (Sep26) |  228.6 MB | PBS_Generic_Opt-Post
--------------------+---------------------+--------------+--------------------+-----------+----------------------
 00:00:05(00:00:04) |  00:00:00(00:00:00) |   0.0(  0.0) |   23:11:39 (Sep26) |  228.6 MB | PBS_Generic-Postgen HBO Optimizations
--------------------+---------------------+--------------+--------------------+-----------+----------------------
 00:00:05(00:00:04) |  00:00:00(00:00:00) |   0.0(  0.0) |   23:11:39 (Sep26) |  228.6 MB | PBS_TechMap-Start
--------------------+---------------------+--------------+--------------------+-----------+----------------------
 00:00:05(00:00:04) |  00:00:00(00:00:00) |   0.0(  0.0) |   23:11:39 (Sep26) |  228.6 MB | PBS_TechMap-Premap HBO Optimizations
--------------------+---------------------+--------------+--------------------+-----------+----------------------
 00:00:05(00:00:04) |  00:00:00(00:00:00) |  -2.0(  0.0) |   23:11:39 (Sep26) |  228.6 MB | PBS_Techmap-Global Mapping
--------------------+---------------------+--------------+--------------------+-----------+----------------------
 00:00:06(00:00:05) |  00:00:01(00:00:01) |  51.5( 50.0) |   23:11:40 (Sep26) |  667.2 MB | PBS_TechMap-Datapath Postmap Operations
--------------------+---------------------+--------------+--------------------+-----------+----------------------
 00:00:06(00:00:05) |  00:00:00(00:00:00) |  -0.0(  0.0) |   23:11:40 (Sep26) |  667.2 MB | PBS_TechMap-Postmap HBO Optimizations
--------------------+---------------------+--------------+--------------------+-----------+----------------------
Number of threads: 8 * 1   (id: pbs_debug, time_info v1.57)
Info: (*N*) indicates data that was populated from previously saved time_info database
Info: CPU time includes time of parent + longest thread
 Doing ConstProp on design:counter8 ... 

Time taken by ConstProp Step: 00:00:00
PBS_TechMap-Postmap Clock Gating - Elapsed_Time 0, CPU_Time 0.0
stamp 'PBS_TechMap-Postmap Clock Gating' being created for table 'pbs_debug'

  Total Time (Wall) |  Stage Time (Wall)  |   % (Wall)   |    Date - Time     |  Memory   | Stage
--------------------+---------------------+--------------+--------------------+-----------+----------------------
 00:00:05(00:00:03) |  00:00:00(00:00:00) |   0.0(  0.0) |   23:11:38 (Sep26) |  228.6 MB | PBS_Generic-Start
--------------------+---------------------+--------------+--------------------+-----------+----------------------
 00:00:05(00:00:04) |  00:00:00(00:00:01) |  50.5( 50.0) |   23:11:39 (Sep26) |  228.6 MB | PBS_Generic_Opt-Post
--------------------+---------------------+--------------+--------------------+-----------+----------------------
 00:00:05(00:00:04) |  00:00:00(00:00:00) |   0.0(  0.0) |   23:11:39 (Sep26) |  228.6 MB | PBS_Generic-Postgen HBO Optimizations
--------------------+---------------------+--------------+--------------------+-----------+----------------------
 00:00:05(00:00:04) |  00:00:00(00:00:00) |   0.0(  0.0) |   23:11:39 (Sep26) |  228.6 MB | PBS_TechMap-Start
--------------------+---------------------+--------------+--------------------+-----------+----------------------
 00:00:05(00:00:04) |  00:00:00(00:00:00) |   0.0(  0.0) |   23:11:39 (Sep26) |  228.6 MB | PBS_TechMap-Premap HBO Optimizations
--------------------+---------------------+--------------+--------------------+-----------+----------------------
 00:00:05(00:00:04) |  00:00:00(00:00:00) |  -2.0(  0.0) |   23:11:39 (Sep26) |  228.6 MB | PBS_Techmap-Global Mapping
--------------------+---------------------+--------------+--------------------+-----------+----------------------
 00:00:06(00:00:05) |  00:00:01(00:00:01) |  51.5( 50.0) |   23:11:40 (Sep26) |  667.2 MB | PBS_TechMap-Datapath Postmap Operations
--------------------+---------------------+--------------+--------------------+-----------+----------------------
 00:00:06(00:00:05) |  00:00:00(00:00:00) |  -0.0(  0.0) |   23:11:40 (Sep26) |  667.2 MB | PBS_TechMap-Postmap HBO Optimizations
--------------------+---------------------+--------------+--------------------+-----------+----------------------
 00:00:06(00:00:05) |  00:00:00(00:00:00) |   0.0(  0.0) |   23:11:40 (Sep26) |  667.2 MB | PBS_TechMap-Postmap Clock Gating
--------------------+---------------------+--------------+--------------------+-----------+----------------------
Number of threads: 8 * 1   (id: pbs_debug, time_info v1.57)
Info: (*N*) indicates data that was populated from previously saved time_info database
Info: CPU time includes time of parent + longest thread
-------------------------------------------------------------------------------
 hi_fo_buf                   335        0         0         0        0

           Trick     Calls     Accepts   Attempts    Time(secs) 
-----------------------------------------------------------
       hi_fo_buf         0  (        0 /        0 )  0.00

 
Incremental optimization status
===============================
                                   Group   
                                  Tot Wrst     Total - - DRC Totals - -
                           Total  Weighted      Neg      Max       Max 
Operation                   Area   Slacks      Slack    Trans      Cap 
 init_delay                  335        0         0         0        0

           Trick     Calls     Accepts   Attempts    Time(secs) 
-----------------------------------------------------------
       crit_upsz         0  (        0 /        0 )  0.00
    plc_bal_star         0  (        0 /        0 )  0.00
     drc_buftimb         0  (        0 /        0 )  0.00
          plc_st         0  (        0 /        0 )  0.00
    plc_st_fence         0  (        0 /        0 )  0.00
        plc_star         0  (        0 /        0 )  0.00
      plc_laf_st         0  (        0 /        0 )  0.00
 plc_laf_st_fence         0  (        0 /        0 )  0.00
     drc_buftims         0  (        0 /        0 )  0.00
            fopt         0  (        0 /        0 )  0.00
   plc_laf_lo_st         0  (        0 /        0 )  0.00
       plc_lo_st         0  (        0 /        0 )  0.00
        mb_split         0  (        0 /        0 )  0.00

 
Local TNS optimization status
=============================
                                   Group   
                                  Tot Wrst     Total - - DRC Totals - -
                           Total  Weighted      Neg      Max       Max 
Operation                   Area   Slacks      Slack    Trans      Cap 
 init_tns                    335        0         0         0        0

           Trick     Calls     Accepts   Attempts    Time(secs) 
-----------------------------------------------------------
    plc_bal_star         0  (        0 /        0 )  0.00
     drc_buftimb         0  (        0 /        0 )  0.00
     drc_buftims         0  (        0 /        0 )  0.00
       crit_upsz         0  (        0 /        0 )  0.00
   plc_laf_lo_st         0  (        0 /        0 )  0.00
       plc_lo_st         0  (        0 /        0 )  0.00
            fopt         0  (        0 /        0 )  0.00
       crit_dnsz         0  (        0 /        0 )  0.00
             dup         0  (        0 /        0 )  0.00
        setup_dn         0  (        0 /        0 )  0.00
        mb_split         0  (        0 /        0 )  0.00

PBS_TechMap-Postmap Cleanup - Elapsed_Time 0, CPU_Time -7.999999999963592e-5
stamp 'PBS_TechMap-Postmap Cleanup' being created for table 'pbs_debug'

  Total Time (Wall) |  Stage Time (Wall)  |   % (Wall)   |    Date - Time     |  Memory   | Stage
--------------------+---------------------+--------------+--------------------+-----------+----------------------
 00:00:05(00:00:03) |  00:00:00(00:00:00) |   0.0(  0.0) |   23:11:38 (Sep26) |  228.6 MB | PBS_Generic-Start
--------------------+---------------------+--------------+--------------------+-----------+----------------------
 00:00:05(00:00:04) |  00:00:00(00:00:01) |  50.5( 50.0) |   23:11:39 (Sep26) |  228.6 MB | PBS_Generic_Opt-Post
--------------------+---------------------+--------------+--------------------+-----------+----------------------
 00:00:05(00:00:04) |  00:00:00(00:00:00) |   0.0(  0.0) |   23:11:39 (Sep26) |  228.6 MB | PBS_Generic-Postgen HBO Optimizations
--------------------+---------------------+--------------+--------------------+-----------+----------------------
 00:00:05(00:00:04) |  00:00:00(00:00:00) |   0.0(  0.0) |   23:11:39 (Sep26) |  228.6 MB | PBS_TechMap-Start
--------------------+---------------------+--------------+--------------------+-----------+----------------------
 00:00:05(00:00:04) |  00:00:00(00:00:00) |   0.0(  0.0) |   23:11:39 (Sep26) |  228.6 MB | PBS_TechMap-Premap HBO Optimizations
--------------------+---------------------+--------------+--------------------+-----------+----------------------
 00:00:05(00:00:04) |  00:00:00(00:00:00) |  -2.0(  0.0) |   23:11:39 (Sep26) |  228.6 MB | PBS_Techmap-Global Mapping
--------------------+---------------------+--------------+--------------------+-----------+----------------------
 00:00:06(00:00:05) |  00:00:01(00:00:01) |  51.5( 50.0) |   23:11:40 (Sep26) |  667.2 MB | PBS_TechMap-Datapath Postmap Operations
--------------------+---------------------+--------------+--------------------+-----------+----------------------
 00:00:06(00:00:05) |  00:00:00(00:00:00) |  -0.0(  0.0) |   23:11:40 (Sep26) |  667.2 MB | PBS_TechMap-Postmap HBO Optimizations
--------------------+---------------------+--------------+--------------------+-----------+----------------------
 00:00:06(00:00:05) |  00:00:00(00:00:00) |   0.0(  0.0) |   23:11:40 (Sep26) |  667.2 MB | PBS_TechMap-Postmap Clock Gating
--------------------+---------------------+--------------+--------------------+-----------+----------------------
 00:00:06(00:00:05) | -01:59:53(00:00:00) |  -0.0(  0.0) |   23:11:40 (Sep26) |  667.2 MB | PBS_TechMap-Postmap Cleanup
--------------------+---------------------+--------------+--------------------+-----------+----------------------
Number of threads: 8 * 1   (id: pbs_debug, time_info v1.57)
Info: (*N*) indicates data that was populated from previously saved time_info database
Info: CPU time includes time of parent + longest thread
PBS_Techmap-Post_MBCI - Elapsed_Time 0, CPU_Time 0.0
stamp 'PBS_Techmap-Post_MBCI' being created for table 'pbs_debug'

  Total Time (Wall) |  Stage Time (Wall)  |   % (Wall)   |    Date - Time     |  Memory   | Stage
--------------------+---------------------+--------------+--------------------+-----------+----------------------
 00:00:05(00:00:03) |  00:00:00(00:00:00) |   0.0(  0.0) |   23:11:38 (Sep26) |  228.6 MB | PBS_Generic-Start
--------------------+---------------------+--------------+--------------------+-----------+----------------------
 00:00:05(00:00:04) |  00:00:00(00:00:01) |  50.5( 50.0) |   23:11:39 (Sep26) |  228.6 MB | PBS_Generic_Opt-Post
--------------------+---------------------+--------------+--------------------+-----------+----------------------
 00:00:05(00:00:04) |  00:00:00(00:00:00) |   0.0(  0.0) |   23:11:39 (Sep26) |  228.6 MB | PBS_Generic-Postgen HBO Optimizations
--------------------+---------------------+--------------+--------------------+-----------+----------------------
 00:00:05(00:00:04) |  00:00:00(00:00:00) |   0.0(  0.0) |   23:11:39 (Sep26) |  228.6 MB | PBS_TechMap-Start
--------------------+---------------------+--------------+--------------------+-----------+----------------------
 00:00:05(00:00:04) |  00:00:00(00:00:00) |   0.0(  0.0) |   23:11:39 (Sep26) |  228.6 MB | PBS_TechMap-Premap HBO Optimizations
--------------------+---------------------+--------------+--------------------+-----------+----------------------
 00:00:05(00:00:04) |  00:00:00(00:00:00) |  -2.0(  0.0) |   23:11:39 (Sep26) |  228.6 MB | PBS_Techmap-Global Mapping
--------------------+---------------------+--------------+--------------------+-----------+----------------------
 00:00:06(00:00:05) |  00:00:01(00:00:01) |  51.5( 50.0) |   23:11:40 (Sep26) |  667.2 MB | PBS_TechMap-Datapath Postmap Operations
--------------------+---------------------+--------------+--------------------+-----------+----------------------
 00:00:06(00:00:05) |  00:00:00(00:00:00) |  -0.0(  0.0) |   23:11:40 (Sep26) |  667.2 MB | PBS_TechMap-Postmap HBO Optimizations
--------------------+---------------------+--------------+--------------------+-----------+----------------------
 00:00:06(00:00:05) |  00:00:00(00:00:00) |   0.0(  0.0) |   23:11:40 (Sep26) |  667.2 MB | PBS_TechMap-Postmap Clock Gating
--------------------+---------------------+--------------+--------------------+-----------+----------------------
 00:00:06(00:00:05) | -01:59:53(00:00:00) |  -0.0(  0.0) |   23:11:40 (Sep26) |  667.2 MB | PBS_TechMap-Postmap Cleanup
--------------------+---------------------+--------------+--------------------+-----------+----------------------
 00:00:06(00:00:05) |  00:00:00(00:00:00) |   0.0(  0.0) |   23:11:40 (Sep26) |  667.2 MB | PBS_Techmap-Post_MBCI
--------------------+---------------------+--------------+--------------------+-----------+----------------------
Number of threads: 8 * 1   (id: pbs_debug, time_info v1.57)
Info: (*N*) indicates data that was populated from previously saved time_info database
Info: CPU time includes time of parent + longest thread
##>=================== Cadence Confidential (Mapping-Logical) ===================
##>Main Thread Summary:
##>----------------------------------------------------------------------------------------
##>STEP                           Elapsed       WNS       TNS     Insts      Area    Memory
##>----------------------------------------------------------------------------------------
##>M:Initial                            0         -         -        37       471       228
##>M:Pre Cleanup                        0         -         -        37       471       228
##>M:Setup                              0         -         -         -         -         -
##>M:Launch ST                          0         -         -         -         -         -
##>M:Design Partition                   0         -         -         -         -         -
##>M:Create Partition Netlists          0         -         -         -         -         -
##>M:Init Power                         0         -         -         -         -         -
##>M:Budgeting                          0         -         -         -         -         -
##>M:Derenv-DB                          0         -         -         -         -         -
##>M:Debug Outputs                      0         -         -         -         -         -
##>M:ST loading                         0         -         -         -         -         -
##>M:Distributed                        0         -         -         -         -         -
##>M:Timer                              0         -         -         -         -         -
##>M:Assembly                           0         -         -         -         -         -
##>M:DFT                                0         -         -         -         -         -
##>M:DP Operations                      1         -         -        20       335       667
##>M:Const Prop                         0       382         0        20       335       667
##>M:Cleanup                            0       382         0        20       335       667
##>M:MBCI                               0         -         -        20       335       667
##>M:Const Gate Removal                 0         -         -         -         -         -
##>M:Misc                               0
##>----------------------------------------------------------------------------------------
##>Total Elapsed                        1
##>========================================================================================
Info    : Done mapping. [SYNTH-5]
        : Done mapping 'counter8'.
      flow.cputime  flow.realtime  timing.setup.tns  timing.setup.wns  snapshot
UM:*                                                                   syn_map
@file(genus_flow.tcl) 26: syn_opt
Info    : Incrementally optimizing. [SYNTH-7]
        : Incrementally optimizing 'counter8' using 'medium' effort.
 
Incremental optimization status
===============================
                                   Group   
                                  Tot Wrst     Total - - DRC Totals - -
                           Total  Weighted      Neg      Max       Max 
Operation                   Area   Slacks      Slack    Trans      Cap 
 init_iopt                   335        0         0         0        0
-------------------------------------------------------------------------------
 const_prop                  335        0         0         0        0
 
Incremental optimization status
===============================
                                   Group   
                                  Tot Wrst     Total - - DRC Totals - -
                           Total  Weighted      Neg      Max       Max 
Operation                   Area   Slacks      Slack    Trans      Cap 
 init_delay                  335        0         0         0        0

           Trick     Calls     Accepts   Attempts    Time(secs) 
-----------------------------------------------------------
       crit_upsz         0  (        0 /        0 )  0.00
    plc_bal_star         0  (        0 /        0 )  0.00
     drc_buftimb         0  (        0 /        0 )  0.00
          plc_st         0  (        0 /        0 )  0.00
    plc_st_fence         0  (        0 /        0 )  0.00
        plc_star         0  (        0 /        0 )  0.00
      plc_laf_st         0  (        0 /        0 )  0.00
 plc_laf_st_fence         0  (        0 /        0 )  0.00
     drc_buftims         0  (        0 /        0 )  0.00
   plc_laf_lo_st         0  (        0 /        0 )  0.00
       plc_lo_st         0  (        0 /        0 )  0.00
            fopt         0  (        0 /        0 )  0.00
       crit_dnsz         0  (        0 /        0 )  0.00
             dup         0  (        0 /        0 )  0.00
            fopt         0  (        0 /        0 )  0.00
        setup_dn         0  (        0 /        0 )  0.00
         buf2inv         0  (        0 /        0 )  0.00
        mb_split         0  (        0 /        0 )  0.00
             exp         0  (        0 /        0 )  0.00
       gate_deco         0  (        0 /        0 )  0.00
       gcomp_tim         0  (        0 /        0 )  0.00
  inv_pair_2_buf         0  (        0 /        0 )  0.00

 init_drc                    335        0         0         0        0

           Trick     Calls     Accepts   Attempts    Time(secs) 
-----------------------------------------------------------
          plc_st         0  (        0 /        0 )  0.00
        plc_star         0  (        0 /        0 )  0.00
        drc_bufs         0  (        0 /        0 )  0.00
        drc_fopt         0  (        0 /        0 )  0.00
        drc_bufb         0  (        0 /        0 )  0.00
      simple_buf         0  (        0 /        0 )  0.00
             dup         0  (        0 /        0 )  0.00
       crit_dnsz         0  (        0 /        0 )  0.00
       crit_upsz         0  (        0 /        0 )  0.00


           Trick     Calls     Accepts   Attempts    Time(secs) 
-----------------------------------------------------------
          plc_st         0  (        0 /        0 )  0.00
        plc_star         0  (        0 /        0 )  0.00
      drc_buf_sp         0  (        0 /        0 )  0.00
        drc_bufs         0  (        0 /        0 )  0.00
        drc_fopt         0  (        0 /        0 )  0.00
        drc_bufb         0  (        0 /        0 )  0.00
      simple_buf         0  (        0 /        0 )  0.00
             dup         0  (        0 /        0 )  0.00
       crit_dnsz         0  (        0 /        0 )  0.00
       crit_upsz         0  (        0 /        0 )  0.00


           Trick     Calls     Accepts   Attempts    Time(secs) 
-----------------------------------------------------------
          plc_st         0  (        0 /        0 )  0.00
        plc_star         0  (        0 /        0 )  0.00
      drc_buf_sp         0  (        0 /        0 )  0.00
        drc_bufs         0  (        0 /        0 )  0.00
        drc_fopt         0  (        0 /        0 )  0.00
        drc_bufb         0  (        0 /        0 )  0.00
             dup         0  (        0 /        0 )  0.00
       crit_dnsz         0  (        0 /        0 )  0.00
       crit_upsz         0  (        0 /        0 )  0.00

 init_tns                    335        0         0         0        0

           Trick     Calls     Accepts   Attempts    Time(secs) 
-----------------------------------------------------------
    plc_bal_star         0  (        0 /        0 )  0.00
     drc_buftimb         0  (        0 /        0 )  0.00
     drc_buftims         0  (        0 /        0 )  0.00
       crit_upsz         0  (        0 /        0 )  0.00
   plc_laf_lo_st         0  (        0 /        0 )  0.00
       plc_lo_st         0  (        0 /        0 )  0.00
            fopt         0  (        0 /        0 )  0.00
       crit_dnsz         0  (        0 /        0 )  0.00
             dup         0  (        0 /        0 )  0.00
        setup_dn         0  (        0 /        0 )  0.00
         buf2inv         0  (        0 /        0 )  0.00
        mb_split         0  (        0 /        0 )  0.00

 init_area                   335        0         0         0        0

           Trick     Calls     Accepts   Attempts    Time(secs) 
-----------------------------------------------------------
           undup         0  (        0 /        0 )  0.00
         rem_buf         0  (        0 /        0 )  0.00
         rem_inv         0  (        0 /        0 )  0.00
        merge_bi         0  (        0 /        0 )  0.00
      rem_inv_qb         0  (        0 /        0 )  0.00
        io_phase         0  (        0 /        0 )  0.00
       gate_comp         0  (        0 /        0 )  0.00
       gcomp_mog         1  (        0 /        0 )  0.00
       glob_area         8  (        0 /        8 )  0.00
       area_down         0  (        0 /        0 )  0.00
      size_n_buf         0  (        0 /        0 )  0.00
  gate_deco_area         0  (        0 /        0 )  0.00
         rem_buf         0  (        0 /        0 )  0.00
         rem_inv         0  (        0 /        0 )  0.00
        merge_bi         0  (        0 /        0 )  0.00
      rem_inv_qb         0  (        0 /        0 )  0.00

 
Incremental optimization status
===============================
                                   Group   
                                  Tot Wrst     Total - - DRC Totals - -
                           Total  Weighted      Neg      Max       Max 
Operation                   Area   Slacks      Slack    Trans      Cap 
 init_delay                  335        0         0         0        0

           Trick     Calls     Accepts   Attempts    Time(secs) 
-----------------------------------------------------------
       crit_upsz         0  (        0 /        0 )  0.00
    plc_bal_star         0  (        0 /        0 )  0.00
     drc_buftimb         0  (        0 /        0 )  0.00
          plc_st         0  (        0 /        0 )  0.00
    plc_st_fence         0  (        0 /        0 )  0.00
        plc_star         0  (        0 /        0 )  0.00
      plc_laf_st         0  (        0 /        0 )  0.00
 plc_laf_st_fence         0  (        0 /        0 )  0.00
     drc_buftims         0  (        0 /        0 )  0.00
   plc_laf_lo_st         0  (        0 /        0 )  0.00
       plc_lo_st         0  (        0 /        0 )  0.00
            fopt         0  (        0 /        0 )  0.00
       crit_dnsz         0  (        0 /        0 )  0.00
             dup         0  (        0 /        0 )  0.00
            fopt         0  (        0 /        0 )  0.00
        setup_dn         0  (        0 /        0 )  0.00
         buf2inv         0  (        0 /        0 )  0.00
        mb_split         0  (        0 /        0 )  0.00
             exp         0  (        0 /        0 )  0.00
       gate_deco         0  (        0 /        0 )  0.00
       gcomp_tim         0  (        0 /        0 )  0.00
  inv_pair_2_buf         0  (        0 /        0 )  0.00

 init_drc                    335        0         0         0        0

           Trick     Calls     Accepts   Attempts    Time(secs) 
-----------------------------------------------------------
          plc_st         0  (        0 /        0 )  0.00
        plc_star         0  (        0 /        0 )  0.00
        drc_bufs         0  (        0 /        0 )  0.00
        drc_fopt         0  (        0 /        0 )  0.00
        drc_bufb         0  (        0 /        0 )  0.00
      simple_buf         0  (        0 /        0 )  0.00
             dup         0  (        0 /        0 )  0.00
       crit_dnsz         0  (        0 /        0 )  0.00
       crit_upsz         0  (        0 /        0 )  0.00


           Trick     Calls     Accepts   Attempts    Time(secs) 
-----------------------------------------------------------
          plc_st         0  (        0 /        0 )  0.00
        plc_star         0  (        0 /        0 )  0.00
        drc_bufs         0  (        0 /        0 )  0.00
        drc_fopt         0  (        0 /        0 )  0.00
        drc_bufb         0  (        0 /        0 )  0.00
      simple_buf         0  (        0 /        0 )  0.00
             dup         0  (        0 /        0 )  0.00
       crit_dnsz         0  (        0 /        0 )  0.00
       crit_upsz         0  (        0 /        0 )  0.00


           Trick     Calls     Accepts   Attempts    Time(secs) 
-----------------------------------------------------------
          plc_st         0  (        0 /        0 )  0.00
        plc_star         0  (        0 /        0 )  0.00
        drc_bufs         0  (        0 /        0 )  0.00
        drc_fopt         0  (        0 /        0 )  0.00
        drc_bufb         0  (        0 /        0 )  0.00
             dup         0  (        0 /        0 )  0.00
       crit_dnsz         0  (        0 /        0 )  0.00
       crit_upsz         0  (        0 /        0 )  0.00

 init_area                   335        0         0         0        0

           Trick     Calls     Accepts   Attempts    Time(secs) 
-----------------------------------------------------------
           undup         0  (        0 /        0 )  0.00
         rem_buf         0  (        0 /        0 )  0.00
         rem_inv         0  (        0 /        0 )  0.00
        merge_bi         0  (        0 /        0 )  0.00
      rem_inv_qb         0  (        0 /        0 )  0.00
        io_phase         0  (        0 /        0 )  0.00
       gate_comp         0  (        0 /        0 )  0.00
       gcomp_mog         1  (        0 /        0 )  0.00
       glob_area         8  (        0 /        8 )  0.00
       area_down         0  (        0 /        0 )  0.00
      size_n_buf         0  (        0 /        0 )  0.00
  gate_deco_area         0  (        0 /        0 )  0.00

==================================
Stage : incr_opt 
==================================
  =================
   Message Summary
  =================
--------------------------------------------------------------------------------
|   Id    |  Sev   |Count |                   Message Text                     |
--------------------------------------------------------------------------------
| CFM-1   |Info    |    1 |Wrote dofile.                                       |
| CFM-5   |Info    |    1 |Wrote formal verification information.              |
| CPI-506 |Warning |    1 |Command 'commit_power_intent' cannot proceed as     |
|         |        |      | there is no power intent loaded.                   |
| PA-7    |Info    |    4 |Resetting power analysis results.                   |
|         |        |      |All computed switching activities are removed.      |
| SYNTH-5 |Info    |    1 |Done mapping.                                       |
| SYNTH-7 |Info    |    1 |Incrementally optimizing.                           |
--------------------------------------------------------------------------------
Info    : Done incrementally optimizing. [SYNTH-8]
        : Done incrementally optimizing 'counter8'.
      flow.cputime  flow.realtime  timing.setup.tns  timing.setup.wns  snapshot
UM:*                                                                   syn_opt
@file(genus_flow.tcl) 28: report_timing -max_paths 10 > $OUT_DIR/reports/timing.rpt
@file(genus_flow.tcl) 29: report_area                 > $OUT_DIR/reports/area.rpt
@file(genus_flow.tcl) 30: report_power                > $OUT_DIR/reports/power.rpt
Info    : Joules engine is used. [RPT-16]
        : Joules engine is being used for the command report_power.
Info   : ACTP-0001 [ACTPInfo] Activity propagation started for stim#0 netlist
       : counter8
Info   : ACTP-0009 [ACTPInfo] Activity Propagation Progress Report :   1%   3%   4%   6%   8%   9%  11%  13%  14%  16%  18%  19%  21%  22%  24%  26%  27%  29%  31%  32%  34%  36%  37%  39%  40%  42%  44%  45%  47%  49%  50%  52%  54%  55%  57%  59%  60%  62%  63%  65%  67%  68%  70%  72%  73%  75%  77%  78%  80%  81%  83%  85%  86%  88%  90%  91%  93%  95%  96%  98% 100%
Info   : ACTP-0001 Activity propagation ended for stim#0
Info   : PWRA-0001 [PwrInfo] compute_power effective options 
       : -mode : vectorless
       : -skip_propagation : 1
       : -frequency_scaling_factor : 1.0
       : -use_clock_freq : stim
       : -stim :/stim#0
       : -fromGenus : 1
Info   : ACTP-0001 Timing initialization started
Info   : ACTP-0001 Timing initialization ended
Info   : PWRA-0002 [PwrInfo] Skipping activity propagation due to -skip_ap
       : option....
Warning: PWRA-0302 [PwrWarn] Frequency scaling is not applicable for vectorless
       : flow. Ignoring frequency scaling.
Warning: PWRA-0304 [PwrWarn] -stim option is not applicable with vectorless mode
       : of power analysis, ignored this option.
Info   : PWRA-0002 Started 'vectorless' power computation.
Info   : PWRA-0002 Finished power computation.
Info   : PWRA-0007 [PwrInfo] Completed successfully.
       : Info=6, Warn=2, Error=0, Fatal=0
Output file: /home/Harsh/rtl2gds_work/runs/rtl2gds-designs/20260926_231129_single/counter8/synth/single/out/reports/power.rpt
@file(genus_flow.tcl) 31: report_gates                > $OUT_DIR/reports/gates.rpt
@file(genus_flow.tcl) 32: report_qor                  > $OUT_DIR/reports/qor.rpt
@file(genus_flow.tcl) 34: write_hdl                   > $OUT_DIR/results/${TOP}.v
@file(genus_flow.tcl) 35: write_sdc                   > $OUT_DIR/results/${TOP}.sdc
Finished SDC export (command execution time mm:ss (real) = 00:00).
@file(genus_flow.tcl) 36: write_sdf -timescale ns     > $OUT_DIR/results/${TOP}.sdf
Warning : Default value for an option has changed in this release. [WSDF-104]
        : Default value for -setuphold has changed from split to merge_always. Specify '-setuphold split' to preserve the behavior of the previous release.
        : Specify the option explicitly.
Warning : Default value for an option has changed in this release. [WSDF-104]
        : Default value for -recrem has changed from split to merge_always. Specify '-recrem split' to preserve the behavior of the previous release.
@file(genus_flow.tcl) 39: proc rtl2gds_value ...
@file(genus_flow.tcl) 43: set area 0.0
@file(genus_flow.tcl) 44: if {[catch {foreach a [get_db insts .area] { set area [expr {$area + $a}] }}]} { set area NA }
@file(genus_flow.tcl) 46: set fh [open $OUT_DIR/metrics.txt w]
@file(genus_flow.tcl) 47: puts $fh "slack_ps=[rtl2gds_value {lindex [get_db designs .slack] 0}]"
@file(genus_flow.tcl) 48: puts $fh "area=$area"
@file(genus_flow.tcl) 49: puts $fh "cells=[rtl2gds_value {llength [get_db insts]}]"
@file(genus_flow.tcl) 50: close $fh
#@ End verbose source /home/Harsh/rtl2gds_github/tcl/genus_flow.tcl
@file(run_genus.tcl) 17: exit

Lic Summary:
[23:11:40.469203] Cdslmd servers: cadence-c2s
[23:11:40.469209] Feature usage summary:
[23:11:40.469210] Genus_Synthesis

