============================================================
  Generated by:           Genus(TM) Synthesis Solution 21.14-s082_1
  Generated on:           Sep 26 2026  11:11:40 pm
  Module:                 counter8
  Operating conditions:   tt_025C_1v80 (balanced_tree)
  Wireload mode:          top
  Area mode:              timing library
============================================================

                                               
           Gate             Instances   Area                Library             
--------------------------------------------------------------------------------
sky130_fd_sc_hd__a21oi_1            1    5.005    sky130_fd_sc_hd__tt_025C_1v80 
sky130_fd_sc_hd__ha_1               3   37.536    sky130_fd_sc_hd__tt_025C_1v80 
sky130_fd_sc_hd__inv_2              2    7.507    sky130_fd_sc_hd__tt_025C_1v80 
sky130_fd_sc_hd__nand2_1            2    7.507    sky130_fd_sc_hd__tt_025C_1v80 
sky130_fd_sc_hd__nor2_1             1    3.754    sky130_fd_sc_hd__tt_025C_1v80 
sky130_fd_sc_hd__o21a_1             2   15.014    sky130_fd_sc_hd__tt_025C_1v80 
sky130_fd_sc_hd__o2bb2ai_1          1    8.758    sky130_fd_sc_hd__tt_025C_1v80 
sky130_fd_sc_hd__sdfrtp_1           8  250.240    sky130_fd_sc_hd__tt_025C_1v80 
--------------------------------------------------------------------------------
total                              20  335.322                                  


                                        
     Type      Instances   Area  Area % 
----------------------------------------
sequential             8 250.240   74.6 
inverter               2   7.507    2.2 
logic                 10  77.574   23.1 
physical_cells         0   0.000    0.0 
----------------------------------------
total                 20 335.322  100.0 

