============================================================
  Generated by:           Genus(TM) Synthesis Solution 21.14-s082_1
  Generated on:           Sep 26 2026  11:11:40 pm
  Module:                 counter8
  Operating conditions:   tt_025C_1v80 (balanced_tree)
  Wireload mode:          top
  Area mode:              timing library
============================================================

Timing
--------

Clock Period 
-------------
clk   2000.0 


  Cost    Critical         Violating 
 Group   Path Slack  TNS     Paths   
-------------------------------------
clk           382.3   0.0          0 
default    No paths   0.0            
-------------------------------------
Total                 0.0          0 

Instance Count
--------------
Leaf Instance Count             20 
Physical Instance count          0 
Sequential Instance Count        8 
Combinational Instance Count    12 
Hierarchical Instance Count      0 

Area
----
Cell Area                          335.322
Physical Cell Area                 0.000
Total Cell Area (Cell+Physical)    335.322
Net Area                           0.000
Total Area (Cell+Physical+Net)     335.322

Max Fanout                         9 (en)
Min Fanout                         0 (rst_n)
Average Fanout                     2.6
Terms to net ratio                 3.4615
Terms to instance ratio            4.5000
Runtime                            6.941351 seconds
Elapsed Runtime                    11 seconds
Genus peak memory usage            1242.36 
Innovus peak memory usage          no_value 
Hostname                           vlsiece24.iitr.ac.in
