============================================================
  Generated by:           Genus(TM) Synthesis Solution 21.14-s082_1
  Generated on:           Sep 26 2026  11:11:40 pm
  Module:                 counter8
  Operating conditions:   tt_025C_1v80 (balanced_tree)
  Wireload mode:          top
  Area mode:              timing library
============================================================


Path 1: MET (382 ps) Setup Check with Pin count_reg[6]/CLK->SCD
          Group: clk
     Startpoint: (R) count_reg[0]/CLK
          Clock: (R) clk
       Endpoint: (F) count_reg[6]/SCD
          Clock: (R) clk

                     Capture       Launch     
        Clock Edge:+    2000            0     
       Src Latency:+       0            0     
       Net Latency:+       0 (I)        0 (I) 
           Arrival:=    2000            0     
                                              
             Setup:-     406                  
     Required Time:=    1594                  
      Launch Clock:-       0                  
         Data Path:-    1212                  
             Slack:=     382                  

#-----------------------------------------------------------------------------------------------------------
#  Timing Point    Flags    Arc    Edge           Cell             Fanout Load Trans Delay Arrival Instance 
#                                                                         (fF)  (ps)  (ps)   (ps)  Location 
#-----------------------------------------------------------------------------------------------------------
  count_reg[0]/CLK -       -       R     (arrival)                      8    -     0     0       0    (-,-) 
  count_reg[0]/Q   -       CLK->Q  F     sky130_fd_sc_hd__sdfrtp_1      4  8.9    68   336     336    (-,-) 
  g247__2802/Y     -       A->Y    R     sky130_fd_sc_hd__nand2_1       3  8.0    90   100     436    (-,-) 
  g244__1617/Y     -       B->Y    F     sky130_fd_sc_hd__nor2_1        2  5.5    40    62     498    (-,-) 
  g240__5526/COUT  -       B->COUT F     sky130_fd_sc_hd__ha_1          1  3.1    44   176     674    (-,-) 
  g238__8428/COUT  -       B->COUT F     sky130_fd_sc_hd__ha_1          1  3.1    44   179     853    (-,-) 
  g236__4319/COUT  -       B->COUT F     sky130_fd_sc_hd__ha_1          2  5.1    54   191    1044    (-,-) 
  g234__5107/X     -       A2->X   F     sky130_fd_sc_hd__o21a_1        1  2.1    32   164    1208    (-,-) 
  count_reg[6]/SCD -       -       F     sky130_fd_sc_hd__sdfrtp_1      1    -     -     4    1212    (-,-) 
#-----------------------------------------------------------------------------------------------------------



Path 2: MET (384 ps) Setup Check with Pin count_reg[7]/CLK->SCD
          Group: clk
     Startpoint: (R) count_reg[0]/CLK
          Clock: (R) clk
       Endpoint: (F) count_reg[7]/SCD
          Clock: (R) clk

                     Capture       Launch     
        Clock Edge:+    2000            0     
       Src Latency:+       0            0     
       Net Latency:+       0 (I)        0 (I) 
           Arrival:=    2000            0     
                                              
             Setup:-     409                  
     Required Time:=    1591                  
      Launch Clock:-       0                  
         Data Path:-    1208                  
             Slack:=     384                  

#------------------------------------------------------------------------------------------------------------
#  Timing Point    Flags    Arc    Edge            Cell             Fanout Load Trans Delay Arrival Instance 
#                                                                          (fF)  (ps)  (ps)   (ps)  Location 
#------------------------------------------------------------------------------------------------------------
  count_reg[0]/CLK -       -       R     (arrival)                       8    -     0     0       0    (-,-) 
  count_reg[0]/Q   -       CLK->Q  R     sky130_fd_sc_hd__sdfrtp_1       4  9.8    98   321     321    (-,-) 
  g247__2802/Y     -       A->Y    F     sky130_fd_sc_hd__nand2_1        3  7.5    68    89     410    (-,-) 
  g244__1617/Y     -       B->Y    R     sky130_fd_sc_hd__nor2_1         2  5.8   129   130     540    (-,-) 
  g240__5526/COUT  -       B->COUT R     sky130_fd_sc_hd__ha_1           1  3.1    52   164     704    (-,-) 
  g238__8428/COUT  -       B->COUT R     sky130_fd_sc_hd__ha_1           1  3.1    52   139     843    (-,-) 
  g236__4319/COUT  -       B->COUT R     sky130_fd_sc_hd__ha_1           2  5.5    73   157    1000    (-,-) 
  g235__6260/Y     -       A->Y    F     sky130_fd_sc_hd__nand2_1        3  7.6    65    82    1081    (-,-) 
  g232__2398/Y     -       A2_N->Y F     sky130_fd_sc_hd__o2bb2ai_1      1  2.1    39   122    1204    (-,-) 
  count_reg[7]/SCD -       -       F     sky130_fd_sc_hd__sdfrtp_1       1    -     -     4    1208    (-,-) 
#------------------------------------------------------------------------------------------------------------



Path 3: MET (467 ps) Setup Check with Pin count_reg[5]/CLK->SCD
          Group: clk
     Startpoint: (R) count_reg[0]/CLK
          Clock: (R) clk
       Endpoint: (F) count_reg[5]/SCD
          Clock: (R) clk

                     Capture       Launch     
        Clock Edge:+    2000            0     
       Src Latency:+       0            0     
       Net Latency:+       0 (I)        0 (I) 
           Arrival:=    2000            0     
                                              
             Setup:-     412                  
     Required Time:=    1588                  
      Launch Clock:-       0                  
         Data Path:-    1121                  
             Slack:=     467                  

#-----------------------------------------------------------------------------------------------------------
#  Timing Point    Flags    Arc    Edge           Cell             Fanout Load Trans Delay Arrival Instance 
#                                                                         (fF)  (ps)  (ps)   (ps)  Location 
#-----------------------------------------------------------------------------------------------------------
  count_reg[0]/CLK -       -       R     (arrival)                      8    -     0     0       0    (-,-) 
  count_reg[0]/Q   -       CLK->Q  F     sky130_fd_sc_hd__sdfrtp_1      4  8.9    68   336     336    (-,-) 
  g247__2802/Y     -       A->Y    R     sky130_fd_sc_hd__nand2_1       3  8.0    90   100     436    (-,-) 
  g244__1617/Y     -       B->Y    F     sky130_fd_sc_hd__nor2_1        2  5.5    40    62     498    (-,-) 
  g240__5526/COUT  -       B->COUT F     sky130_fd_sc_hd__ha_1          1  3.1    44   176     674    (-,-) 
  g238__8428/COUT  -       B->COUT F     sky130_fd_sc_hd__ha_1          1  3.1    44   179     853    (-,-) 
  g236__4319/SUM   -       B->SUM  F     sky130_fd_sc_hd__ha_1          1  2.1    49   264    1117    (-,-) 
  count_reg[5]/SCD -       -       F     sky130_fd_sc_hd__sdfrtp_1      1    -     -     4    1121    (-,-) 
#-----------------------------------------------------------------------------------------------------------



Path 4: MET (646 ps) Setup Check with Pin count_reg[4]/CLK->SCD
          Group: clk
     Startpoint: (R) count_reg[0]/CLK
          Clock: (R) clk
       Endpoint: (F) count_reg[4]/SCD
          Clock: (R) clk

                     Capture       Launch     
        Clock Edge:+    2000            0     
       Src Latency:+       0            0     
       Net Latency:+       0 (I)        0 (I) 
           Arrival:=    2000            0     
                                              
             Setup:-     412                  
     Required Time:=    1588                  
      Launch Clock:-       0                  
         Data Path:-     942                  
             Slack:=     646                  

#-----------------------------------------------------------------------------------------------------------
#  Timing Point    Flags    Arc    Edge           Cell             Fanout Load Trans Delay Arrival Instance 
#                                                                         (fF)  (ps)  (ps)   (ps)  Location 
#-----------------------------------------------------------------------------------------------------------
  count_reg[0]/CLK -       -       R     (arrival)                      8    -     0     0       0    (-,-) 
  count_reg[0]/Q   -       CLK->Q  F     sky130_fd_sc_hd__sdfrtp_1      4  8.9    68   336     336    (-,-) 
  g247__2802/Y     -       A->Y    R     sky130_fd_sc_hd__nand2_1       3  8.0    90   100     436    (-,-) 
  g244__1617/Y     -       B->Y    F     sky130_fd_sc_hd__nor2_1        2  5.5    40    62     498    (-,-) 
  g240__5526/COUT  -       B->COUT F     sky130_fd_sc_hd__ha_1          1  3.1    44   176     674    (-,-) 
  g238__8428/SUM   -       B->SUM  F     sky130_fd_sc_hd__ha_1          1  2.1    49   264     938    (-,-) 
  count_reg[4]/SCD -       -       F     sky130_fd_sc_hd__sdfrtp_1      1    -     -     4     942    (-,-) 
#-----------------------------------------------------------------------------------------------------------



Path 5: MET (801 ps) Setup Check with Pin count_reg[3]/CLK->SCD
          Group: clk
     Startpoint: (R) count_reg[0]/CLK
          Clock: (R) clk
       Endpoint: (F) count_reg[3]/SCD
          Clock: (R) clk

                     Capture       Launch     
        Clock Edge:+    2000            0     
       Src Latency:+       0            0     
       Net Latency:+       0 (I)        0 (I) 
           Arrival:=    2000            0     
                                              
             Setup:-     412                  
     Required Time:=    1588                  
      Launch Clock:-       0                  
         Data Path:-     787                  
             Slack:=     801                  

#----------------------------------------------------------------------------------------------------------
#  Timing Point    Flags    Arc   Edge           Cell             Fanout Load Trans Delay Arrival Instance 
#                                                                        (fF)  (ps)  (ps)   (ps)  Location 
#----------------------------------------------------------------------------------------------------------
  count_reg[0]/CLK -       -      R     (arrival)                      8    -     0     0       0    (-,-) 
  count_reg[0]/Q   -       CLK->Q R     sky130_fd_sc_hd__sdfrtp_1      4  9.8    98   321     321    (-,-) 
  g247__2802/Y     -       A->Y   F     sky130_fd_sc_hd__nand2_1       3  7.5    68    89     410    (-,-) 
  g244__1617/Y     -       B->Y   R     sky130_fd_sc_hd__nor2_1        2  5.8   129   130     540    (-,-) 
  g240__5526/SUM   -       B->SUM F     sky130_fd_sc_hd__ha_1          1  2.1    49   243     783    (-,-) 
  count_reg[3]/SCD -       -      F     sky130_fd_sc_hd__sdfrtp_1      1    -     -     4     787    (-,-) 
#----------------------------------------------------------------------------------------------------------



Path 6: MET (993 ps) Setup Check with Pin count_reg[2]/CLK->SCD
          Group: clk
     Startpoint: (R) count_reg[0]/CLK
          Clock: (R) clk
       Endpoint: (F) count_reg[2]/SCD
          Clock: (R) clk

                     Capture       Launch     
        Clock Edge:+    2000            0     
       Src Latency:+       0            0     
       Net Latency:+       0 (I)        0 (I) 
           Arrival:=    2000            0     
                                              
             Setup:-     410                  
     Required Time:=    1590                  
      Launch Clock:-       0                  
         Data Path:-     597                  
             Slack:=     993                  

#----------------------------------------------------------------------------------------------------------
#  Timing Point    Flags    Arc   Edge           Cell             Fanout Load Trans Delay Arrival Instance 
#                                                                        (fF)  (ps)  (ps)   (ps)  Location 
#----------------------------------------------------------------------------------------------------------
  count_reg[0]/CLK -       -      R     (arrival)                      8    -     0     0       0    (-,-) 
  count_reg[0]/Q   -       CLK->Q R     sky130_fd_sc_hd__sdfrtp_1      4  9.8    98   321     321    (-,-) 
  g247__2802/Y     -       A->Y   F     sky130_fd_sc_hd__nand2_1       3  7.5    68    89     410    (-,-) 
  g244__1617/Y     -       B->Y   R     sky130_fd_sc_hd__nor2_1        2  5.8   129   130     540    (-,-) 
  g243__6783/Y     -       B1->Y  F     sky130_fd_sc_hd__a21oi_1       1  2.1    43    54     594    (-,-) 
  count_reg[2]/SCD -       -      F     sky130_fd_sc_hd__sdfrtp_1      1    -     -     4     597    (-,-) 
#----------------------------------------------------------------------------------------------------------



Path 7: MET (1068 ps) Setup Check with Pin count_reg[1]/CLK->SCD
          Group: clk
     Startpoint: (R) count_reg[0]/CLK
          Clock: (R) clk
       Endpoint: (F) count_reg[1]/SCD
          Clock: (R) clk

                     Capture       Launch     
        Clock Edge:+    2000            0     
       Src Latency:+       0            0     
       Net Latency:+       0 (I)        0 (I) 
           Arrival:=    2000            0     
                                              
             Setup:-     406                  
     Required Time:=    1594                  
      Launch Clock:-       0                  
         Data Path:-     526                  
             Slack:=    1068                  

#----------------------------------------------------------------------------------------------------------
#  Timing Point    Flags    Arc   Edge           Cell             Fanout Load Trans Delay Arrival Instance 
#                                                                        (fF)  (ps)  (ps)   (ps)  Location 
#----------------------------------------------------------------------------------------------------------
  count_reg[0]/CLK -       -      R     (arrival)                      8    -     0     0       0    (-,-) 
  count_reg[0]/Q   -       CLK->Q F     sky130_fd_sc_hd__sdfrtp_1      4  8.9    68   336     336    (-,-) 
  g246__3680/X     -       A1->X  F     sky130_fd_sc_hd__o21a_1        1  2.1    32   186     522    (-,-) 
  count_reg[1]/SCD -       -      F     sky130_fd_sc_hd__sdfrtp_1      1    -     -     4     526    (-,-) 
#----------------------------------------------------------------------------------------------------------



Path 8: MET (1283 ps) Setup Check with Pin count_reg[0]/CLK->SCE
          Group: clk
     Startpoint: (R) count_reg[0]/CLK
          Clock: (R) clk
       Endpoint: (R) count_reg[0]/SCE
          Clock: (R) clk

                     Capture       Launch     
        Clock Edge:+    2000            0     
       Src Latency:+       0            0     
       Net Latency:+       0 (I)        0 (I) 
           Arrival:=    2000            0     
                                              
             Setup:-     391                  
     Required Time:=    1609                  
      Launch Clock:-       0                  
         Data Path:-     325                  
             Slack:=    1283                  

#----------------------------------------------------------------------------------------------------------
#  Timing Point    Flags    Arc   Edge           Cell             Fanout Load Trans Delay Arrival Instance 
#                                                                        (fF)  (ps)  (ps)   (ps)  Location 
#----------------------------------------------------------------------------------------------------------
  count_reg[0]/CLK -       -      R     (arrival)                      8    -     0     0       0    (-,-) 
  count_reg[0]/Q   -       CLK->Q R     sky130_fd_sc_hd__sdfrtp_1      4  9.8    98   321     321    (-,-) 
  count_reg[0]/SCE -       -      R     sky130_fd_sc_hd__sdfrtp_1      4    -     -     5     325    (-,-) 
#----------------------------------------------------------------------------------------------------------



Path 9: MET (1350 ps) Setup Check with Pin count_reg[1]/CLK->D
          Group: clk
     Startpoint: (R) count_reg[1]/CLK
          Clock: (R) clk
       Endpoint: (F) count_reg[1]/D
          Clock: (R) clk

                     Capture       Launch     
        Clock Edge:+    2000            0     
       Src Latency:+       0            0     
       Net Latency:+       0 (I)        0 (I) 
           Arrival:=    2000            0     
                                              
             Setup:-     322                  
     Required Time:=    1678                  
      Launch Clock:-       0                  
         Data Path:-     328                  
             Slack:=    1350                  

#----------------------------------------------------------------------------------------------------------
#  Timing Point    Flags    Arc   Edge           Cell             Fanout Load Trans Delay Arrival Instance 
#                                                                        (fF)  (ps)  (ps)   (ps)  Location 
#----------------------------------------------------------------------------------------------------------
  count_reg[1]/CLK -       -      R     (arrival)                      8    -     0     0       0    (-,-) 
  count_reg[1]/Q   -       CLK->Q F     sky130_fd_sc_hd__sdfrtp_1      4  7.0    60   326     326    (-,-) 
  count_reg[1]/D   -       -      F     sky130_fd_sc_hd__sdfrtp_1      4    -     -     2     328    (-,-) 
#----------------------------------------------------------------------------------------------------------



Path 10: MET (1350 ps) Setup Check with Pin count_reg[6]/CLK->D
          Group: clk
     Startpoint: (R) count_reg[6]/CLK
          Clock: (R) clk
       Endpoint: (F) count_reg[6]/D
          Clock: (R) clk

                     Capture       Launch     
        Clock Edge:+    2000            0     
       Src Latency:+       0            0     
       Net Latency:+       0 (I)        0 (I) 
           Arrival:=    2000            0     
                                              
             Setup:-     322                  
     Required Time:=    1678                  
      Launch Clock:-       0                  
         Data Path:-     328                  
             Slack:=    1350                  

#----------------------------------------------------------------------------------------------------------
#  Timing Point    Flags    Arc   Edge           Cell             Fanout Load Trans Delay Arrival Instance 
#                                                                        (fF)  (ps)  (ps)   (ps)  Location 
#----------------------------------------------------------------------------------------------------------
  count_reg[6]/CLK -       -      R     (arrival)                      8    -     0     0       0    (-,-) 
  count_reg[6]/Q   -       CLK->Q F     sky130_fd_sc_hd__sdfrtp_1      4  7.0    60   326     326    (-,-) 
  count_reg[6]/D   -       -      F     sky130_fd_sc_hd__sdfrtp_1      4    -     -     2     328    (-,-) 
#----------------------------------------------------------------------------------------------------------

